Archive member included to satisfy reference by file (symbol)

c:/program files (x86)/embitz/1.11/share/em_armgcc/bin/../lib/gcc/arm-none-eabi/5.4.1/../../../../arm-none-eabi/lib/armv7e-m\libg_n.a(lib_a-exit.o)
                              c:/program files (x86)/embitz/1.11/share/em_armgcc/bin/../lib/gcc/arm-none-eabi/5.4.1/../../../../arm-none-eabi/lib/armv7e-m/crt0.o (exit)
c:/program files (x86)/embitz/1.11/share/em_armgcc/bin/../lib/gcc/arm-none-eabi/5.4.1/../../../../arm-none-eabi/lib/armv7e-m\libg_n.a(lib_a-impure.o)
                              c:/program files (x86)/embitz/1.11/share/em_armgcc/bin/../lib/gcc/arm-none-eabi/5.4.1/../../../../arm-none-eabi/lib/armv7e-m\libg_n.a(lib_a-exit.o) (_global_impure_ptr)
c:/program files (x86)/embitz/1.11/share/em_armgcc/bin/../lib/gcc/arm-none-eabi/5.4.1/../../../../arm-none-eabi/lib/armv7e-m\libg_n.a(lib_a-init.o)
                              c:/program files (x86)/embitz/1.11/share/em_armgcc/bin/../lib/gcc/arm-none-eabi/5.4.1/../../../../arm-none-eabi/lib/armv7e-m/crt0.o (__libc_init_array)
c:/program files (x86)/embitz/1.11/share/em_armgcc/bin/../lib/gcc/arm-none-eabi/5.4.1/../../../../arm-none-eabi/lib/armv7e-m\libg_n.a(lib_a-malloc.o)
                              obj\debug\src\mappack.o (free)
c:/program files (x86)/embitz/1.11/share/em_armgcc/bin/../lib/gcc/arm-none-eabi/5.4.1/../../../../arm-none-eabi/lib/armv7e-m\libg_n.a(lib_a-memcpy-stub.o)
                              obj\debug\src\mappack.o (memcpy)
c:/program files (x86)/embitz/1.11/share/em_armgcc/bin/../lib/gcc/arm-none-eabi/5.4.1/../../../../arm-none-eabi/lib/armv7e-m\libg_n.a(lib_a-memset.o)
                              c:/program files (x86)/embitz/1.11/share/em_armgcc/bin/../lib/gcc/arm-none-eabi/5.4.1/../../../../arm-none-eabi/lib/armv7e-m/crt0.o (memset)
c:/program files (x86)/embitz/1.11/share/em_armgcc/bin/../lib/gcc/arm-none-eabi/5.4.1/../../../../arm-none-eabi/lib/armv7e-m\libg_n.a(lib_a-nano-freer.o)
                              c:/program files (x86)/embitz/1.11/share/em_armgcc/bin/../lib/gcc/arm-none-eabi/5.4.1/../../../../arm-none-eabi/lib/armv7e-m\libg_n.a(lib_a-malloc.o) (_free_r)
c:/program files (x86)/embitz/1.11/share/em_armgcc/bin/../lib/gcc/arm-none-eabi/5.4.1/../../../../arm-none-eabi/lib/armv7e-m\libg_n.a(lib_a-nano-mallocr.o)
                              c:/program files (x86)/embitz/1.11/share/em_armgcc/bin/../lib/gcc/arm-none-eabi/5.4.1/../../../../arm-none-eabi/lib/armv7e-m\libg_n.a(lib_a-malloc.o) (_malloc_r)
c:/program files (x86)/embitz/1.11/share/em_armgcc/bin/../lib/gcc/arm-none-eabi/5.4.1/../../../../arm-none-eabi/lib/armv7e-m\libg_n.a(lib_a-printf.o)
                              obj\debug\src\drawing.o (printf)
c:/program files (x86)/embitz/1.11/share/em_armgcc/bin/../lib/gcc/arm-none-eabi/5.4.1/../../../../arm-none-eabi/lib/armv7e-m\libg_n.a(lib_a-putchar.o)
                              obj\debug\src\drawing.o (putchar)
c:/program files (x86)/embitz/1.11/share/em_armgcc/bin/../lib/gcc/arm-none-eabi/5.4.1/../../../../arm-none-eabi/lib/armv7e-m\libg_n.a(lib_a-puts.o)
                              obj\debug\src\managelevels.o (puts)
c:/program files (x86)/embitz/1.11/share/em_armgcc/bin/../lib/gcc/arm-none-eabi/5.4.1/../../../../arm-none-eabi/lib/armv7e-m\libg_n.a(lib_a-sbrkr.o)
                              c:/program files (x86)/embitz/1.11/share/em_armgcc/bin/../lib/gcc/arm-none-eabi/5.4.1/../../../../arm-none-eabi/lib/armv7e-m\libg_n.a(lib_a-nano-mallocr.o) (_sbrk_r)
c:/program files (x86)/embitz/1.11/share/em_armgcc/bin/../lib/gcc/arm-none-eabi/5.4.1/../../../../arm-none-eabi/lib/armv7e-m\libg_n.a(lib_a-setbuf.o)
                              obj\debug\src\30010_io.o (setbuf)
c:/program files (x86)/embitz/1.11/share/em_armgcc/bin/../lib/gcc/arm-none-eabi/5.4.1/../../../../arm-none-eabi/lib/armv7e-m\libg_n.a(lib_a-setvbuf.o)
                              c:/program files (x86)/embitz/1.11/share/em_armgcc/bin/../lib/gcc/arm-none-eabi/5.4.1/../../../../arm-none-eabi/lib/armv7e-m\libg_n.a(lib_a-setbuf.o) (setvbuf)
c:/program files (x86)/embitz/1.11/share/em_armgcc/bin/../lib/gcc/arm-none-eabi/5.4.1/../../../../arm-none-eabi/lib/armv7e-m\libg_n.a(lib_a-sprintf.o)
                              obj\debug\src\timer.o (sprintf)
c:/program files (x86)/embitz/1.11/share/em_armgcc/bin/../lib/gcc/arm-none-eabi/5.4.1/../../../../arm-none-eabi/lib/armv7e-m\libg_n.a(lib_a-wbuf.o)
                              c:/program files (x86)/embitz/1.11/share/em_armgcc/bin/../lib/gcc/arm-none-eabi/5.4.1/../../../../arm-none-eabi/lib/armv7e-m\libg_n.a(lib_a-puts.o) (__swbuf_r)
c:/program files (x86)/embitz/1.11/share/em_armgcc/bin/../lib/gcc/arm-none-eabi/5.4.1/../../../../arm-none-eabi/lib/armv7e-m\libg_n.a(lib_a-wsetup.o)
                              c:/program files (x86)/embitz/1.11/share/em_armgcc/bin/../lib/gcc/arm-none-eabi/5.4.1/../../../../arm-none-eabi/lib/armv7e-m\libg_n.a(lib_a-puts.o) (__swsetup_r)
[...]
Memory Configuration

Name             Origin             Length             Attributes
ROM              0x08000000         0x00010000         xr
RAM              0x20000000         0x00004000         xrw
*default*        0x00000000         0xffffffff

Linker script and memory map

LOAD c:/program files (x86)/embitz/1.11/share/em_armgcc/bin/../lib/gcc/arm-none-eabi/5.4.1/armv7e-m/crti.o
LOAD c:/program files (x86)/embitz/1.11/share/em_armgcc/bin/../lib/gcc/arm-none-eabi/5.4.1/armv7e-m/crtbegin.o
LOAD c:/program files (x86)/embitz/1.11/share/em_armgcc/bin/../lib/gcc/arm-none-eabi/5.4.1/../../../../arm-none-eabi/lib/armv7e-m/crt0.o
                0x00000000                __HEAP_SIZE = 0x0
                0x00000100                __STACK_SIZE = 0x100

.text           0x08000000     0x8434
 *(.isr_vector)
 .isr_vector    0x08000000      0x188 obj\debug\src\startup_stm32f30x.o
                0x08000000                __isr_vector
 *(.text*)
 .text          0x08000188       0x5c c:/program files (x86)/embitz/1.11/share/em_armgcc/bin/../lib/gcc/arm-none-eabi/5.4.1/armv7e-m/crtbegin.o
 .text          0x080001e4       0x74 c:/program files (x86)/embitz/1.11/share/em_armgcc/bin/../lib/gcc/arm-none-eabi/5.4.1/../../../../arm-none-eabi/lib/armv7e-m/crt0.o
                0x080001e4                _start
                0x080001e4                _mainCRTStartup
 .text.RCC_GetClocksFreq
                0x08000258      0x414 obj\debug\spl\src\stm32f30x_rcc.o
                0x08000258                RCC_GetClocksFreq
 .text.USART_SendData
                0x0800066c       0x24 obj\debug\spl\src\stm32f30x_usart.o
                0x0800066c                USART_SendData
 .text.USART_ITConfig
                0x08000690       0x80 obj\debug\spl\src\stm32f30x_usart.o
                0x08000690                USART_ITConfig
 .text.USART_GetFlagStatus
                0x08000710       0x30 obj\debug\spl\src\stm32f30x_usart.o
                0x08000710                USART_GetFlagStatus
 .text.USART_GetITStatus
                0x08000740       0x9c obj\debug\spl\src\stm32f30x_usart.o
                0x08000740                USART_GetITStatus
 .text.NVIC_EnableIRQ
                0x080007dc       0x30 obj\debug\src\30010_io.o
 .text.uart_get_char
                0x0800080c       0x50 obj\debug\src\30010_io.o
                0x0800080c                uart_get_char
 .text.uart_put_char
                0x0800085c       0x34 obj\debug\src\30010_io.o
                0x0800085c                uart_put_char
 .text._write_r
                0x08000890       0x4c obj\debug\src\30010_io.o
                0x08000890                _write_r
 .text.USART2_IRQHandler
                0x080008dc       0x74 obj\debug\src\30010_io.o
                0x080008dc                USART2_IRQHandler
 .text.uart_clear
                0x08000950       0x2c obj\debug\src\30010_io.o
                0x08000950                uart_clear
 .text.uart_init
                0x0800097c      0x234 obj\debug\src\30010_io.o
                0x0800097c                uart_init
 .text.setWallHitBox
                0x08000bb0       0x8c obj\debug\src\collider.o
                0x08000bb0                setWallHitBox
 .text.checkCollider
                0x08000c3c      0x540 obj\debug\src\collider.o
                0x08000c3c                checkCollider
 .text.objectWallCheck
                0x0800117c       0x68 obj\debug\src\collider.o
                0x0800117c                objectWallCheck
 .text.enemyCollider
                0x080011e4       0xec obj\debug\src\collider.o
                0x080011e4                enemyCollider
 .text.userInput
                0x080012d0      0x324 obj\debug\src\controlsystem.o
                0x080012d0                userInput
 .text.setupBullet
                0x080015f4       0x8c obj\debug\src\controlsystem.o
 .text.SetPos   0x08001680       0x50 obj\debug\src\drawing.o
                0x08001680                SetPos
 .text.DrawingSetValues
                0x080016d0       0x6c obj\debug\src\drawing.o
                0x080016d0                DrawingSetValues
 .text.gotoxy   0x0800173c       0x30 obj\debug\src\drawing.o
                0x0800173c                gotoxy
 .text.DrawEverything
                0x0800176c      0x160 obj\debug\src\drawing.o
                0x0800176c                DrawEverything
 .text.drawMovingObjects
                0x080018cc      0x4f8 obj\debug\src\drawobjects.o
                0x080018cc                drawMovingObjects
 .text.drawEnemy
                0x08001dc4      0x39c obj\debug\src\drawobjects.o
                0x08001dc4                drawEnemy
 .text.upDatePosition
                0x08002160      0x2f0 obj\debug\src\enemycontroller.o
                0x08002160                upDatePosition
 .text.main     0x08002450       0xa0 obj\debug\src\main.o
                0x08002450                main
 .text.ConstructWindow
                0x080024f0      0x278 obj\debug\src\mainmenu.o
                0x080024f0                ConstructWindow
 .text.ConstructTitle
                0x08002768      0x13c obj\debug\src\mainmenu.o
                0x08002768                ConstructTitle
 .text.ConstructGoodLuck
                0x080028a4       0x84 obj\debug\src\mainmenu.o
                0x080028a4                ConstructGoodLuck
 .text.ConstructMainMenu
                0x08002928      0x184 obj\debug\src\mainmenu.o
                0x08002928                ConstructMainMenu
 .text.ConstructHowToPlayMenu
                0x08002aac      0x48c obj\debug\src\mainmenu.o
                0x08002aac                ConstructHowToPlayMenu
 .text.ConstructSettingsMenu
                0x08002f38      0x1bc obj\debug\src\mainmenu.o
                0x08002f38                ConstructSettingsMenu
 .text.ConstructSpaceShipMenu
                0x080030f4      0x124 obj\debug\src\mainmenu.o
                0x080030f4                ConstructSpaceShipMenu
 .text.clearscr
                0x08003218       0x18 obj\debug\src\mainmenu.o
                0x08003218                clearscr
 .text.ClearGameScreen
                0x08003230       0xf8 obj\debug\src\mainmenu.o
                0x08003230                ClearGameScreen
 .text.ClearSpaceShipMenu
                0x08003328      0x104 obj\debug\src\mainmenu.o
                0x08003328                ClearSpaceShipMenu
 .text.ClearSubMenu
                0x0800342c       0xfc obj\debug\src\mainmenu.o
                0x0800342c                ClearSubMenu
 .text.ConstructSpaceShip1Arrow
                0x08003528       0x3c obj\debug\src\mainmenu.o
                0x08003528                ConstructSpaceShip1Arrow
 .text.ClearSpaceShip1Arrow
                0x08003564       0x3c obj\debug\src\mainmenu.o
                0x08003564                ClearSpaceShip1Arrow
 .text.ConstructSpaceShip2Arrow
                0x080035a0       0x3c obj\debug\src\mainmenu.o
                0x080035a0                ConstructSpaceShip2Arrow
 .text.ClearSpaceShip2Arrow
                0x080035dc       0x3c obj\debug\src\mainmenu.o
                0x080035dc                ClearSpaceShip2Arrow
 .text.ConstructPlayGameArrow
                0x08003618       0x78 obj\debug\src\mainmenu.o
                0x08003618                ConstructPlayGameArrow
 .text.ClearPlayGameArrow
                0x08003690       0x70 obj\debug\src\mainmenu.o
                0x08003690                ClearPlayGameArrow
 .text.ConstructHowToPlayArrow
                0x08003700       0x78 obj\debug\src\mainmenu.o
                0x08003700                ConstructHowToPlayArrow
 .text.ClearHowToPlayArrow
                0x08003778       0x70 obj\debug\src\mainmenu.o
                0x08003778                ClearHowToPlayArrow
 .text.ConstructSettingsArrow
                0x080037e8       0x78 obj\debug\src\mainmenu.o
                0x080037e8                ConstructSettingsArrow
 .text.ClearSettingsArrow
                0x08003860       0x70 obj\debug\src\mainmenu.o
                0x08003860                ClearSettingsArrow
 .text.ConstructBackArrow
                0x080038d0       0x78 obj\debug\src\mainmenu.o
                0x080038d0                ConstructBackArrow
 .text.ClearBackArrow
                0x08003948       0x78 obj\debug\src\mainmenu.o
                0x08003948                ClearBackArrow
 .text.ConstructSpaceshipArrow
                0x080039c0       0x78 obj\debug\src\mainmenu.o
                0x080039c0                ConstructSpaceshipArrow
 .text.ClearSpaceshipArrow
                0x08003a38       0x78 obj\debug\src\mainmenu.o
                0x08003a38                ClearSpaceshipArrow
 .text.BeginMenuScreen
                0x08003ab0       0x28 obj\debug\src\mainmenu.o
                0x08003ab0                BeginMenuScreen
 .text.BeginHowToPlayMenu
                0x08003ad8       0x1c obj\debug\src\mainmenu.o
                0x08003ad8                BeginHowToPlayMenu
 .text.BeginMainMenu
                0x08003af4       0x1c obj\debug\src\mainmenu.o
                0x08003af4                BeginMainMenu
 .text.BeginSettingMenu
                0x08003b10       0x1c obj\debug\src\mainmenu.o
                0x08003b10                BeginSettingMenu
 .text.BeginGame
                0x08003b2c       0x20 obj\debug\src\mainmenu.o
                0x08003b2c                BeginGame
 .text.LevelManager
                0x08003b4c      0x12c obj\debug\src\managelevels.o
                0x08003b4c                LevelManager
 .text.firstMapSetup
                0x08003c78      0x124 obj\debug\src\mappack.o
                0x08003c78                firstMapSetup
 .text.MenuUserInput
                0x08003d9c      0x33c obj\debug\src\menucontrols.o
                0x08003d9c                MenuUserInput
 .text.ShipSelection
                0x080040d8      0x4f0 obj\debug\src\ships.o
                0x080040d8                ShipSelection
 .text          0x080045c8       0xe4 obj\debug\src\startup_stm32f30x.o
                0x080045c8                Reset_Handler
                0x0800460e                NMI_Handler
                0x08004610                HardFault_Handler
                0x08004612                MemManage_Handler
                0x08004614                BusFault_Handler
                0x08004616                UsageFault_Handler
                0x08004618                SVC_Handler
                0x0800461a                DebugMon_Handler
                0x0800461c                PendSV_Handler
                0x0800461e                SysTick_Handler
                0x08004620                WWDG_IRQHandler
                0x08004622                PVD_IRQHandler
                0x08004624                TAMPER_STAMP_IRQHandler
                0x08004626                RTC_WKUP_IRQHandler
                0x08004628                FLASH_IRQHandler
                0x0800462a                RCC_IRQHandler
                0x0800462c                EXTI0_IRQHandler
                0x0800462e                EXTI1_IRQHandler
                0x08004630                EXTI2_TS_IRQHandler
                0x08004632                EXTI3_IRQHandler
                0x08004634                EXTI4_IRQHandler
                0x08004636                DMA1_Channel1_IRQHandler
                0x08004638                DMA1_Channel2_IRQHandler
                0x0800463a                DMA1_Channel3_IRQHandler
                0x0800463c                DMA1_Channel4_IRQHandler
                0x0800463e                DMA1_Channel5_IRQHandler
                0x08004640                DMA1_Channel6_IRQHandler
                0x08004642                DMA1_Channel7_IRQHandler
                0x08004644                ADC1_2_IRQHandler
                0x08004646                USB_HP_CAN1_TX_IRQHandler
                0x08004648                USB_LP_CAN1_RX0_IRQHandler
                0x0800464a                CAN1_RX1_IRQHandler
                0x0800464c                CAN1_SCE_IRQHandler
                0x0800464e                EXTI9_5_IRQHandler
                0x08004650                TIM1_BRK_TIM15_IRQHandler
                0x08004652                TIM1_UP_TIM16_IRQHandler
                0x08004654                TIM1_TRG_COM_TIM17_IRQHandler
                0x08004656                TIM1_CC_IRQHandler
                0x0800465a                TIM3_IRQHandler
                0x0800465c                TIM4_IRQHandler
                0x0800465e                I2C1_EV_IRQHandler
                0x08004660                I2C1_ER_IRQHandler
                0x08004662                I2C2_EV_IRQHandler
                0x08004664                I2C2_ER_IRQHandler
                0x08004666                SPI1_IRQHandler
                0x08004668                SPI2_IRQHandler
                0x0800466a                USART1_IRQHandler
                0x0800466e                USART3_IRQHandler
                0x08004670                EXTI15_10_IRQHandler
                0x08004672                RTC_Alarm_IRQHandler
                0x08004674                USBWakeUp_IRQHandler
                0x08004676                TIM8_BRK_IRQHandler
                0x08004678                TIM8_UP_IRQHandler
                0x0800467a                TIM8_TRG_COM_IRQHandler
                0x0800467c                TIM8_CC_IRQHandler
                0x0800467e                ADC3_IRQHandler
                0x08004680                SPI3_IRQHandler
                0x08004682                UART4_IRQHandler
                0x08004684                UART5_IRQHandler
                0x08004686                TIM6_DAC_IRQHandler
                0x08004688                TIM7_IRQHandler
                0x0800468a                DMA2_Channel1_IRQHandler
                0x0800468c                DMA2_Channel2_IRQHandler
                0x0800468e                DMA2_Channel3_IRQHandler
                0x08004690                DMA2_Channel4_IRQHandler
                0x08004692                DMA2_Channel5_IRQHandler
                0x08004694                ADC4_IRQHandler
                0x08004696                COMP1_2_3_IRQHandler
                0x08004698                COMP4_5_6_IRQHandler
                0x0800469a                COMP7_IRQHandler
                0x0800469c                USB_HP_IRQHandler
                0x0800469e                USB_LP_IRQHandler
                0x080046a0                USBWakeUp_RMP_IRQHandler
                0x080046a2                FPU_IRQHandler
 .text.SystemInit
                0x080046ac       0x84 obj\debug\src\system_stm32f30x.o
                0x080046ac                SystemInit
 .text.SetSysClock
                0x08004730       0x90 obj\debug\src\system_stm32f30x.o
 .text.NVIC_EnableIRQ
                0x080047c0       0x30 obj\debug\src\timer.o
 .text.NVIC_SetPriority
                0x080047f0       0x54 obj\debug\src\timer.o
 .text.SetTimer
                0x08004844      0x130 obj\debug\src\timer.o
                0x08004844                SetTimer
 .text.TIM2_IRQHandler
                0x08004974       0xe8 obj\debug\src\timer.o
                0x08004974                TIM2_IRQHandler
 .text.initStructs
                0x08004a5c       0x50 obj\debug\src\update.o
                0x08004a5c                initStructs
 .text.initEverythingFirstTime
                0x08004aac      0x1e0 obj\debug\src\update.o
 .text.upDateFunction
                0x08004c8c      0x1fc obj\debug\src\update.o
 .text.upDateHealth
                0x08004e88       0xd8 obj\debug\src\updateui.o
                0x08004e88                upDateHealth
 .text.exit     0x08004f60       0x28 c:/program files (x86)/embitz/1.11/share/em_armgcc/bin/../lib/gcc/arm-none-eabi/5.4.1/../../../../arm-none-eabi/lib/armv7e-m\libg_n.a(lib_a-exit.o)
                0x08004f60                exit
 .text.__libc_init_array
                0x08004f88       0x4c c:/program files (x86)/embitz/1.11/share/em_armgcc/bin/../lib/gcc/arm-none-eabi/5.4.1/../../../../arm-none-eabi/lib/armv7e-m\libg_n.a(lib_a-init.o)
                0x08004f88                __libc_init_array
 .text.malloc   0x08004fd4       0x10 c:/program files (x86)/embitz/1.11/share/em_armgcc/bin/../lib/gcc/arm-none-eabi/5.4.1/../../../../arm-none-eabi/lib/armv7e-m\libg_n.a(lib_a-malloc.o)
                0x08004fd4                malloc
 .text.free     0x08004fe4       0x10 c:/program files (x86)/embitz/1.11/share/em_armgcc/bin/../lib/gcc/arm-none-eabi/5.4.1/../../../../arm-none-eabi/lib/armv7e-m\libg_n.a(lib_a-malloc.o)
                0x08004fe4                free
 .text.memcpy   0x08004ff4       0x16 c:/program files (x86)/embitz/1.11/share/em_armgcc/bin/../lib/gcc/arm-none-eabi/5.4.1/../../../../arm-none-eabi/lib/armv7e-m\libg_n.a(lib_a-memcpy-stub.o)
                0x08004ff4                memcpy
 .text.memset   0x0800500a       0x10 c:/program files (x86)/embitz/1.11/share/em_armgcc/bin/../lib/gcc/arm-none-eabi/5.4.1/../../../../arm-none-eabi/lib/armv7e-m\libg_n.a(lib_a-memset.o)
                0x0800500a                memset
 *fill*         0x0800501a        0x2 
 .text._free_r  0x0800501c       0x9c c:/program files (x86)/embitz/1.11/share/em_armgcc/bin/../lib/gcc/arm-none-eabi/5.4.1/../../../../arm-none-eabi/lib/armv7e-m\libg_n.a(lib_a-nano-freer.o)
                0x0800501c                _free_r
 .text._malloc_r
                0x080050b8       0xbc c:/program files (x86)/embitz/1.11/share/em_armgcc/bin/../lib/gcc/arm-none-eabi/5.4.1/../../../../arm-none-eabi/lib/armv7e-m\libg_n.a(lib_a-nano-mallocr.o)
                0x080050b8                _malloc_r
 .text.printf   0x08005174       0x30 c:/program files (x86)/embitz/1.11/share/em_armgcc/bin/../lib/gcc/arm-none-eabi/5.4.1/../../../../arm-none-eabi/lib/armv7e-m\libg_n.a(lib_a-printf.o)
                0x08005174                iprintf
                0x08005174                printf
 .text.putchar  0x080051a4       0x28 c:/program files (x86)/embitz/1.11/share/em_armgcc/bin/../lib/gcc/arm-none-eabi/5.4.1/../../../../arm-none-eabi/lib/armv7e-m\libg_n.a(lib_a-putchar.o)
                0x080051a4                putchar
 .text._puts_r  0x080051cc       0xb4 c:/program files (x86)/embitz/1.11/share/em_armgcc/bin/../lib/gcc/arm-none-eabi/5.4.1/../../../../arm-none-eabi/lib/armv7e-m\libg_n.a(lib_a-puts.o)
                0x080051cc                _puts_r
 .text.puts     0x08005280       0x10 c:/program files (x86)/embitz/1.11/share/em_armgcc/bin/../lib/gcc/arm-none-eabi/5.4.1/../../../../arm-none-eabi/lib/armv7e-m\libg_n.a(lib_a-puts.o)
                0x08005280                puts
 .text._sbrk_r  0x08005290       0x20 c:/program files (x86)/embitz/1.11/share/em_armgcc/bin/../lib/gcc/arm-none-eabi/5.4.1/../../../../arm-none-eabi/lib/armv7e-m\libg_n.a(lib_a-sbrkr.o)
                0x08005290                _sbrk_r
 .text.setbuf   0x080052b0       0x10 c:/program files (x86)/embitz/1.11/share/em_armgcc/bin/../lib/gcc/arm-none-eabi/5.4.1/../../../../arm-none-eabi/lib/armv7e-m\libg_n.a(lib_a-setbuf.o)
                0x080052b0                setbuf
 .text.setvbuf  0x080052c0      0x154 c:/program files (x86)/embitz/1.11/share/em_armgcc/bin/../lib/gcc/arm-none-eabi/5.4.1/../../../../arm-none-eabi/lib/armv7e-m\libg_n.a(lib_a-setvbuf.o)
                0x080052c0                setvbuf
 .text.__swbuf_r
                0x08005414       0xa8 c:/program files (x86)/embitz/1.11/share/em_armgcc/bin/../lib/gcc/arm-none-eabi/5.4.1/../../../../arm-none-eabi/lib/armv7e-m\libg_n.a(lib_a-wbuf.o)
                0x08005414                __swbuf_r
 .text.__swsetup_r
                0x080054bc       0xdc c:/program files (x86)/embitz/1.11/share/em_armgcc/bin/../lib/gcc/arm-none-eabi/5.4.1/../../../../arm-none-eabi/lib/armv7e-m\libg_n.a(lib_a-wsetup.o)
                0x080054bc                __swsetup_r
 .text.__sflush_r
                0x08005598      0x110 c:/program files (x86)/embitz/1.11/share/em_armgcc/bin/../lib/gcc/arm-none-eabi/5.4.1/../../../../arm-none-eabi/lib/armv7e-m\libg_n.a(lib_a-fflush.o)
                0x08005598                __sflush_r
 .text._fflush_r
                0x080056a8       0x54 c:/program files (x86)/embitz/1.11/share/em_armgcc/bin/../lib/gcc/arm-none-eabi/5.4.1/../../../../arm-none-eabi/lib/armv7e-m\libg_n.a(lib_a-fflush.o)
                0x080056a8                _fflush_r
 .text._cleanup_r
                0x080056fc        0xc c:/program files (x86)/embitz/1.11/share/em_armgcc/bin/../lib/gcc/arm-none-eabi/5.4.1/../../../../arm-none-eabi/lib/armv7e-m\libg_n.a(lib_a-findfp.o)
                0x080056fc                _cleanup_r
 .text.std.isra.0
                0x08005708       0x48 c:/program files (x86)/embitz/1.11/share/em_armgcc/bin/../lib/gcc/arm-none-eabi/5.4.1/../../../../arm-none-eabi/lib/armv7e-m\libg_n.a(lib_a-findfp.o)
 .text.__sfmoreglue
                0x08005750       0x2c c:/program files (x86)/embitz/1.11/share/em_armgcc/bin/../lib/gcc/arm-none-eabi/5.4.1/../../../../arm-none-eabi/lib/armv7e-m\libg_n.a(lib_a-findfp.o)
                0x08005750                __sfmoreglue
 .text.__sinit  0x0800577c       0x60 c:/program files (x86)/embitz/1.11/share/em_armgcc/bin/../lib/gcc/arm-none-eabi/5.4.1/../../../../arm-none-eabi/lib/armv7e-m\libg_n.a(lib_a-findfp.o)
                0x0800577c                __sinit
 .text.__sfp    0x080057dc       0x78 c:/program files (x86)/embitz/1.11/share/em_armgcc/bin/../lib/gcc/arm-none-eabi/5.4.1/../../../../arm-none-eabi/lib/armv7e-m\libg_n.a(lib_a-findfp.o)
                0x080057dc                __sfp
 .text._fwalk_reent
                0x08005854       0x3c c:/program files (x86)/embitz/1.11/share/em_armgcc/bin/../lib/gcc/arm-none-eabi/5.4.1/../../../../arm-none-eabi/lib/armv7e-m\libg_n.a(lib_a-fwalk.o)
                0x08005854                _fwalk_reent
 .text.__swhatbuf_r
                0x08005890       0x46 c:/program files (x86)/embitz/1.11/share/em_armgcc/bin/../lib/gcc/arm-none-eabi/5.4.1/../../../../arm-none-eabi/lib/armv7e-m\libg_n.a(lib_a-makebuf.o)
                0x08005890                __swhatbuf_r
 *fill*         0x080058d6        0x2 
 .text.__smakebuf_r
                0x080058d8       0x78 c:/program files (x86)/embitz/1.11/share/em_armgcc/bin/../lib/gcc/arm-none-eabi/5.4.1/../../../../arm-none-eabi/lib/armv7e-m\libg_n.a(lib_a-makebuf.o)
                0x080058d8                __smakebuf_r
 .text.__malloc_lock
                0x08005950        0x2 c:/program files (x86)/embitz/1.11/share/em_armgcc/bin/../lib/gcc/arm-none-eabi/5.4.1/../../../../arm-none-eabi/lib/armv7e-m\libg_n.a(lib_a-mlock.o)
                0x08005950                __malloc_lock
 .text.__malloc_unlock
                0x08005952        0x2 c:/program files (x86)/embitz/1.11/share/em_armgcc/bin/../lib/gcc/arm-none-eabi/5.4.1/../../../../arm-none-eabi/lib/armv7e-m\libg_n.a(lib_a-mlock.o)
                0x08005952                __malloc_unlock
 .text.__sfputc_r
                0x08005954       0x2c c:/program files (x86)/embitz/1.11/share/em_armgcc/bin/../lib/gcc/arm-none-eabi/5.4.1/../../../../arm-none-eabi/lib/armv7e-m\libg_n.a(lib_a-nano-vfprintf.o)
 .text.__sfputs_r
                0x08005980       0x24 c:/program files (x86)/embitz/1.11/share/em_armgcc/bin/../lib/gcc/arm-none-eabi/5.4.1/../../../../arm-none-eabi/lib/armv7e-m\libg_n.a(lib_a-nano-vfprintf.o)
                0x08005980                __sfputs_r
 .text._vfprintf_r
                0x080059a4      0x238 c:/program files (x86)/embitz/1.11/share/em_armgcc/bin/../lib/gcc/arm-none-eabi/5.4.1/../../../../arm-none-eabi/lib/armv7e-m\libg_n.a(lib_a-nano-vfprintf.o)
                0x080059a4                _vfprintf_r
                0x080059a4                _vfiprintf_r
 .text._printf_common
                0x08005bdc       0xec c:/program files (x86)/embitz/1.11/share/em_armgcc/bin/../lib/gcc/arm-none-eabi/5.4.1/../../../../arm-none-eabi/lib/armv7e-m\libg_n.a(lib_a-nano-vfprintf_i.o)
                0x08005bdc                _printf_common
 .text._printf_i
                0x08005cc8      0x24c c:/program files (x86)/embitz/1.11/share/em_armgcc/bin/../lib/gcc/arm-none-eabi/5.4.1/../../../../arm-none-eabi/lib/armv7e-m\libg_n.a(lib_a-nano-vfprintf_i.o)
                0x08005cc8                _printf_i
 .text._putc_r  0x08005f14       0x6c c:/program files (x86)/embitz/1.11/share/em_armgcc/bin/../lib/gcc/arm-none-eabi/5.4.1/../../../../arm-none-eabi/lib/armv7e-m\libg_n.a(lib_a-putc.o)
                0x08005f14                _putc_r
 .text.__sread  0x08005f80       0x22 c:/program files (x86)/embitz/1.11/share/em_armgcc/bin/../lib/gcc/arm-none-eabi/5.4.1/../../../../arm-none-eabi/lib/armv7e-m\libg_n.a(lib_a-stdio.o)
                0x08005f80                __sread
 .text.__swrite
                0x08005fa2       0x38 c:/program files (x86)/embitz/1.11/share/em_armgcc/bin/../lib/gcc/arm-none-eabi/5.4.1/../../../../arm-none-eabi/lib/armv7e-m\libg_n.a(lib_a-stdio.o)
                0x08005fa2                __swrite
 .text.__sseek  0x08005fda       0x24 c:/program files (x86)/embitz/1.11/share/em_armgcc/bin/../lib/gcc/arm-none-eabi/5.4.1/../../../../arm-none-eabi/lib/armv7e-m\libg_n.a(lib_a-stdio.o)
                0x08005fda                __sseek
 .text.__sclose
                0x08005ffe        0x8 c:/program files (x86)/embitz/1.11/share/em_armgcc/bin/../lib/gcc/arm-none-eabi/5.4.1/../../../../arm-none-eabi/lib/armv7e-m\libg_n.a(lib_a-stdio.o)
                0x08005ffe                __sclose
 *fill*         0x08006006        0x2 
 .text._close_r
                0x08006008       0x20 c:/program files (x86)/embitz/1.11/share/em_armgcc/bin/../lib/gcc/arm-none-eabi/5.4.1/../../../../arm-none-eabi/lib/armv7e-m\libg_n.a(lib_a-closer.o)
                0x08006008                _close_r
 .text._fstat_r
                0x08006028       0x24 c:/program files (x86)/embitz/1.11/share/em_armgcc/bin/../lib/gcc/arm-none-eabi/5.4.1/../../../../arm-none-eabi/lib/armv7e-m\libg_n.a(lib_a-fstatr.o)
                0x08006028                _fstat_r
 .text._isatty_r
                0x0800604c       0x20 c:/program files (x86)/embitz/1.11/share/em_armgcc/bin/../lib/gcc/arm-none-eabi/5.4.1/../../../../arm-none-eabi/lib/armv7e-m\libg_n.a(lib_a-isattyr.o)
                0x0800604c                _isatty_r
 .text._lseek_r
                0x0800606c       0x24 c:/program files (x86)/embitz/1.11/share/em_armgcc/bin/../lib/gcc/arm-none-eabi/5.4.1/../../../../arm-none-eabi/lib/armv7e-m\libg_n.a(lib_a-lseekr.o)
                0x0800606c                _lseek_r
 .text          0x08006090       0xa0 c:/program files (x86)/embitz/1.11/share/em_armgcc/bin/../lib/gcc/arm-none-eabi/5.4.1/../../../../arm-none-eabi/lib/armv7e-m\libg_n.a(lib_a-memchr.o)
                0x08006090                memchr
 .text._read_r  0x08006130       0x24 c:/program files (x86)/embitz/1.11/share/em_armgcc/bin/../lib/gcc/arm-none-eabi/5.4.1/../../../../arm-none-eabi/lib/armv7e-m\libg_n.a(lib_a-readr.o)
                0x08006130                _read_r
 .text._close   0x08006154       0x10 c:/program files (x86)/embitz/1.11/share/em_armgcc/bin/../lib/gcc/arm-none-eabi/5.4.1/../../../../arm-none-eabi/lib/armv7e-m\libnosys_s.a(close.o)
                0x08006154                _close
 .text._fstat   0x08006164       0x10 c:/program files (x86)/embitz/1.11/share/em_armgcc/bin/../lib/gcc/arm-none-eabi/5.4.1/../../../../arm-none-eabi/lib/armv7e-m\libnosys_s.a(fstat.o)
                0x08006164                _fstat
 .text._isatty  0x08006174       0x10 c:/program files (x86)/embitz/1.11/share/em_armgcc/bin/../lib/gcc/arm-none-eabi/5.4.1/../../../../arm-none-eabi/lib/armv7e-m\libnosys_s.a(isatty.o)
                0x08006174                _isatty
 .text._lseek   0x08006184       0x10 c:/program files (x86)/embitz/1.11/share/em_armgcc/bin/../lib/gcc/arm-none-eabi/5.4.1/../../../../arm-none-eabi/lib/armv7e-m\libnosys_s.a(lseek.o)
                0x08006184                _lseek
 .text._read    0x08006194       0x10 c:/program files (x86)/embitz/1.11/share/em_armgcc/bin/../lib/gcc/arm-none-eabi/5.4.1/../../../../arm-none-eabi/lib/armv7e-m\libnosys_s.a(read.o)
                0x08006194                _read
 .text._sbrk    0x080061a4       0x1c c:/program files (x86)/embitz/1.11/share/em_armgcc/bin/../lib/gcc/arm-none-eabi/5.4.1/../../../../arm-none-eabi/lib/armv7e-m\libnosys_s.a(sbrk.o)
                0x080061a4                _sbrk
 .text._exit    0x080061c0        0x2 c:/program files (x86)/embitz/1.11/share/em_armgcc/bin/../lib/gcc/arm-none-eabi/5.4.1/../../../../arm-none-eabi/lib/armv7e-m\libnosys_s.a(_exit.o)
                0x080061c0                _exit
 *(.init)
 *fill*         0x080061c2        0x2 
 .init          0x080061c4        0x4 c:/program files (x86)/embitz/1.11/share/em_armgcc/bin/../lib/gcc/arm-none-eabi/5.4.1/armv7e-m/crti.o
                0x080061c4                _init
 .init          0x080061c8        0x8 c:/program files (x86)/embitz/1.11/share/em_armgcc/bin/../lib/gcc/arm-none-eabi/5.4.1/armv7e-m/crtn.o
 *(.fini)
 .fini          0x080061d0        0x4 c:/program files (x86)/embitz/1.11/share/em_armgcc/bin/../lib/gcc/arm-none-eabi/5.4.1/armv7e-m/crti.o
                0x080061d0                _fini
 .fini          0x080061d4        0x8 c:/program files (x86)/embitz/1.11/share/em_armgcc/bin/../lib/gcc/arm-none-eabi/5.4.1/armv7e-m/crtn.o
 *crtbegin.o(.ctors)
 *crtbegin?.o(.ctors)
 *(EXCLUDE_FILE(*crtend.o *crtend?.o) .ctors)
 *(SORT(.ctors.*))
 *(.ctors)
 *crtbegin.o(.dtors)
 *crtbegin?.o(.dtors)
 *(EXCLUDE_FILE(*crtend.o *crtend?.o) .dtors)
 *(SORT(.dtors.*))
 *(.dtors)
 *(.rodata*)
 .rodata        0x080061dc        0xb obj\debug\src\drawing.o
 *fill*         0x080061e7        0x1 
 .rodata        0x080061e8       0x1e obj\debug\src\enemycontroller.o
 *fill*         0x08006206        0x2 
 .rodata        0x08006208        0x8 obj\debug\src\main.o
 .rodata        0x08006210     0x1da8 obj\debug\src\mainmenu.o
 .rodata        0x08007fb8       0x2e obj\debug\src\managelevels.o
 *fill*         0x08007fe6        0x2 
 .rodata        0x08007fe8      0x3ac obj\debug\src\mappack.o
 .rodata.str1.1
                0x08008394        0x2 c:/program files (x86)/embitz/1.11/share/em_armgcc/bin/../lib/gcc/arm-none-eabi/5.4.1/../../../../arm-none-eabi/lib/armv7e-m\libg_n.a(lib_a-impure.o)
 *fill*         0x08008396        0x2 
 .rodata._global_impure_ptr
                0x08008398        0x4 c:/program files (x86)/embitz/1.11/share/em_armgcc/bin/../lib/gcc/arm-none-eabi/5.4.1/../../../../arm-none-eabi/lib/armv7e-m\libg_n.a(lib_a-impure.o)
                0x08008398                _global_impure_ptr
 .rodata.__sf_fake_stdin
                0x0800839c       0x20 c:/program files (x86)/embitz/1.11/share/em_armgcc/bin/../lib/gcc/arm-none-eabi/5.4.1/../../../../arm-none-eabi/lib/armv7e-m\libg_n.a(lib_a-findfp.o)
                0x0800839c                __sf_fake_stdin
 .rodata.__sf_fake_stdout
                0x080083bc       0x20 c:/program files (x86)/embitz/1.11/share/em_armgcc/bin/../lib/gcc/arm-none-eabi/5.4.1/../../../../arm-none-eabi/lib/armv7e-m\libg_n.a(lib_a-findfp.o)
                0x080083bc                __sf_fake_stdout
 .rodata.__sf_fake_stderr
                0x080083dc       0x20 c:/program files (x86)/embitz/1.11/share/em_armgcc/bin/../lib/gcc/arm-none-eabi/5.4.1/../../../../arm-none-eabi/lib/armv7e-m\libg_n.a(lib_a-findfp.o)
                0x080083dc                __sf_fake_stderr
 .rodata.str1.1
                0x080083fc       0x11 c:/program files (x86)/embitz/1.11/share/em_armgcc/bin/../lib/gcc/arm-none-eabi/5.4.1/../../../../arm-none-eabi/lib/armv7e-m\libg_n.a(lib_a-nano-vfprintf.o)
 .rodata.str1.1
                0x0800840d       0x22 c:/program files (x86)/embitz/1.11/share/em_armgcc/bin/../lib/gcc/arm-none-eabi/5.4.1/../../../../arm-none-eabi/lib/armv7e-m\libg_n.a(lib_a-nano-vfprintf_i.o)
 *(.eh_frame*)
 *fill*         0x0800842f        0x1 
 .eh_frame      0x08008430        0x0 c:/program files (x86)/embitz/1.11/share/em_armgcc/bin/../lib/gcc/arm-none-eabi/5.4.1/armv7e-m/crtbegin.o
 .eh_frame      0x08008430        0x4 c:/program files (x86)/embitz/1.11/share/em_armgcc/bin/../lib/gcc/arm-none-eabi/5.4.1/armv7e-m/crtend.o

.glue_7         0x08008434        0x0
 .glue_7        0x08008434        0x0 linker stubs

.glue_7t        0x08008434        0x0
 .glue_7t       0x08008434        0x0 linker stubs

.vfp11_veneer   0x08008434        0x0
 .vfp11_veneer  0x08008434        0x0 linker stubs

.v4_bx          0x08008434        0x0
 .v4_bx         0x08008434        0x0 linker stubs

.iplt           0x08008434        0x0
 .iplt          0x08008434        0x0 c:/program files (x86)/embitz/1.11/share/em_armgcc/bin/../lib/gcc/arm-none-eabi/5.4.1/armv7e-m/crtbegin.o

.ARM.extab
 *(.ARM.extab* .gnu.linkonce.armextab.*)
                0x08008434                __exidx_start = .

.ARM.exidx      0x08008434        0x8
 *(.ARM.exidx* .gnu.linkonce.armexidx.*)
 .ARM.exidx     0x08008434        0x8 c:/program files (x86)/embitz/1.11/share/em_armgcc/bin/../lib/gcc/arm-none-eabi/5.4.1/../../../../arm-none-eabi/lib/armv7e-m/crt0.o
                0x0800843c                __exidx_end = .
                0x0800843c                __etext = .

.rel.dyn        0x0800843c        0x0
 .rel.iplt      0x0800843c        0x0 c:/program files (x86)/embitz/1.11/share/em_armgcc/bin/../lib/gcc/arm-none-eabi/5.4.1/armv7e-m/crtbegin.o

.data           0x20000000       0x98 load address 0x0800843c
                0x20000000                __data_start__ = .
 *(vtable)
 *(.data*)
 .data.APBAHBPrescTable
                0x20000000       0x10 obj\debug\spl\src\stm32f30x_rcc.o
 .data.ADCPrescTable
                0x20000010       0x1a obj\debug\spl\src\stm32f30x_rcc.o
 .data.currentPos.5648
                0x2000002a        0x2 obj\debug\src\drawing.o
 .data.impure_data
                0x2000002c       0x60 c:/program files (x86)/embitz/1.11/share/em_armgcc/bin/../lib/gcc/arm-none-eabi/5.4.1/../../../../arm-none-eabi/lib/armv7e-m\libg_n.a(lib_a-impure.o)
 .data._impure_ptr
                0x2000008c        0x4 c:/program files (x86)/embitz/1.11/share/em_armgcc/bin/../lib/gcc/arm-none-eabi/5.4.1/../../../../arm-none-eabi/lib/armv7e-m\libg_n.a(lib_a-impure.o)
                0x2000008c                _impure_ptr
                0x20000090                . = ALIGN (0x4)
                0x20000090                PROVIDE (__preinit_array_start, .)
 *(.preinit_array)
                0x20000090                PROVIDE (__preinit_array_end, .)
                0x20000090                . = ALIGN (0x4)
                0x20000090                PROVIDE (__init_array_start, .)
 *(SORT(.init_array.*))
 *(.init_array)
 .init_array    0x20000090        0x4 c:/program files (x86)/embitz/1.11/share/em_armgcc/bin/../lib/gcc/arm-none-eabi/5.4.1/armv7e-m/crtbegin.o
                0x20000094                PROVIDE (__init_array_end, .)
                0x20000094                . = ALIGN (0x4)
                [!provide]                PROVIDE (__fini_array_start, .)
 *(SORT(.fini_array.*))
 *(.fini_array)
 .fini_array    0x20000094        0x4 c:/program files (x86)/embitz/1.11/share/em_armgcc/bin/../lib/gcc/arm-none-eabi/5.4.1/armv7e-m/crtbegin.o
                [!provide]                PROVIDE (__fini_array_end, .)
                0x20000098                . = ALIGN (0x4)
                0x20000098                __data_end__ = .

.jcr            0x20000098        0x0 load address 0x080084d4
 .jcr           0x20000098        0x0 c:/program files (x86)/embitz/1.11/share/em_armgcc/bin/../lib/gcc/arm-none-eabi/5.4.1/armv7e-m/crtbegin.o

.igot.plt       0x20000098        0x0 load address 0x080084d4
 .igot.plt      0x20000098        0x0 c:/program files (x86)/embitz/1.11/share/em_armgcc/bin/../lib/gcc/arm-none-eabi/5.4.1/armv7e-m/crtbegin.o

.bss            0x20000098      0x848 load address 0x080084d4
                0x20000098                __bss_start__ = .
 *(.bss*)
 .bss           0x20000098       0x1c c:/program files (x86)/embitz/1.11/share/em_armgcc/bin/../lib/gcc/arm-none-eabi/5.4.1/armv7e-m/crtbegin.o
 .bss.UART_BUFFER
                0x200000b4      0x100 obj\debug\src\30010_io.o
                0x200000b4                UART_BUFFER
 .bss.UART_END_IDX
                0x200001b4        0x1 obj\debug\src\30010_io.o
                0x200001b4                UART_END_IDX
 .bss.UART_START_IDX
                0x200001b5        0x1 obj\debug\src\30010_io.o
                0x200001b5                UART_START_IDX
 .bss.UART_COUNT
                0x200001b6        0x1 obj\debug\src\30010_io.o
                0x200001b6                UART_COUNT
 *fill*         0x200001b7        0x1 
 .bss.xPosStart
                0x200001b8      0x258 obj\debug\src\collider.o
 .bss.yPosStart
                0x20000410      0x12c obj\debug\src\collider.o
 .bss.xPosSlut  0x2000053c      0x258 obj\debug\src\collider.o
 .bss.yPosSlut  0x20000794      0x12c obj\debug\src\collider.o
 .bss.sizeOfArrays
                0x200008c0        0x2 obj\debug\src\collider.o
 *fill*         0x200008c2        0x2 
 .bss.__malloc_sbrk_start
                0x200008c4        0x4 c:/program files (x86)/embitz/1.11/share/em_armgcc/bin/../lib/gcc/arm-none-eabi/5.4.1/../../../../arm-none-eabi/lib/armv7e-m\libg_n.a(lib_a-nano-mallocr.o)
                0x200008c4                __malloc_sbrk_start
 .bss.__malloc_free_list
                0x200008c8        0x4 c:/program files (x86)/embitz/1.11/share/em_armgcc/bin/../lib/gcc/arm-none-eabi/5.4.1/../../../../arm-none-eabi/lib/armv7e-m\libg_n.a(lib_a-nano-mallocr.o)
                0x200008c8                __malloc_free_list
 .bss.heap_end.4167
                0x200008cc        0x4 c:/program files (x86)/embitz/1.11/share/em_armgcc/bin/../lib/gcc/arm-none-eabi/5.4.1/../../../../arm-none-eabi/lib/armv7e-m\libnosys_s.a(sbrk.o)
 *(COMMON)
 COMMON         0x200008d0        0xa obj\debug\src\main.o
                0x200008d0                counter
 *fill*         0x200008da        0x2 
 COMMON         0x200008dc        0x4 c:/program files (x86)/embitz/1.11/share/em_armgcc/bin/../lib/gcc/arm-none-eabi/5.4.1/../../../../arm-none-eabi/lib/armv7e-m\libg_n.a(lib_a-reent.o)
                0x200008dc                errno
                0x200008e0                __bss_end__ = .

.heap           0x200008e0        0x0
                0x200008e0                __end__ = .
                0x200008e0                end = __end__
 *(.heap*)
 .heap          0x200008e0        0x0 obj\debug\src\startup_stm32f30x.o
                0x200008e0                __HeapLimit = .

.stack_dummy    0x200008e0      0x100
 *(.stack)
 .stack         0x200008e0      0x100 obj\debug\src\startup_stm32f30x.o
                0x20004000                __StackTop = (ORIGIN (RAM) + LENGTH (RAM))
                0x20003f00                __StackLimit = (__StackTop - SIZEOF (.stack_dummy))
                0x20004000                PROVIDE (__stack, __StackTop)
                0x00000001                ASSERT ((__StackLimit >= __HeapLimit), region RAM overflowed with stack)
LOAD obj\debug\spl\src\stm32f30x_adc.o
LOAD obj\debug\spl\src\stm32f30x_can.o
LOAD obj\debug\spl\src\stm32f30x_comp.o
LOAD obj\debug\spl\src\stm32f30x_crc.o
LOAD obj\debug\spl\src\stm32f30x_dac.o
LOAD obj\debug\spl\src\stm32f30x_dbgmcu.o
LOAD obj\debug\spl\src\stm32f30x_dma.o
LOAD obj\debug\spl\src\stm32f30x_exti.o
LOAD obj\debug\spl\src\stm32f30x_flash.o
LOAD obj\debug\spl\src\stm32f30x_gpio.o
LOAD obj\debug\spl\src\stm32f30x_i2c.o
LOAD obj\debug\spl\src\stm32f30x_iwdg.o
LOAD obj\debug\spl\src\stm32f30x_misc.o
LOAD obj\debug\spl\src\stm32f30x_opamp.o
LOAD obj\debug\spl\src\stm32f30x_pwr.o
LOAD obj\debug\spl\src\stm32f30x_rcc.o
LOAD obj\debug\spl\src\stm32f30x_rtc.o
LOAD obj\debug\spl\src\stm32f30x_spi.o
LOAD obj\debug\spl\src\stm32f30x_syscfg.o
LOAD obj\debug\spl\src\stm32f30x_tim.o
LOAD obj\debug\spl\src\stm32f30x_usart.o
LOAD obj\debug\spl\src\stm32f30x_wwdg.o
LOAD obj\debug\src\30010_io.o
LOAD obj\debug\src\collider.o
LOAD obj\debug\src\controlsystem.o
LOAD obj\debug\src\drawing.o
LOAD obj\debug\src\drawobjects.o
LOAD obj\debug\src\enemycontroller.o
LOAD obj\debug\src\main.o
LOAD obj\debug\src\mainmenu.o
LOAD obj\debug\src\managelevels.o
LOAD obj\debug\src\mappack.o
LOAD obj\debug\src\menucontrols.o
LOAD obj\debug\src\ships.o
LOAD obj\debug\src\startup_stm32f30x.o
LOAD obj\debug\src\system_stm32f30x.o
LOAD obj\debug\src\timer.o
LOAD obj\debug\src\update.o
LOAD obj\debug\src\updateui.o
START GROUP
LOAD c:/program files (x86)/embitz/1.11/share/em_armgcc/bin/../lib/gcc/arm-none-eabi/5.4.1/armv7e-m\libgcc.a
LOAD c:/program files (x86)/embitz/1.11/share/em_armgcc/bin/../lib/gcc/arm-none-eabi/5.4.1/../../../../arm-none-eabi/lib/armv7e-m\libg_n.a
LOAD c:/program files (x86)/embitz/1.11/share/em_armgcc/bin/../lib/gcc/arm-none-eabi/5.4.1/../../../../arm-none-eabi/lib/armv7e-m\libc_n.a
END GROUP
START GROUP
LOAD c:/program files (x86)/embitz/1.11/share/em_armgcc/bin/../lib/gcc/arm-none-eabi/5.4.1/armv7e-m\libgcc.a
LOAD c:/program files (x86)/embitz/1.11/share/em_armgcc/bin/../lib/gcc/arm-none-eabi/5.4.1/../../../../arm-none-eabi/lib/armv7e-m\libc_n.a
LOAD c:/program files (x86)/embitz/1.11/share/em_armgcc/bin/../lib/gcc/arm-none-eabi/5.4.1/../../../../arm-none-eabi/lib/armv7e-m\libnosys_s.a
END GROUP
LOAD c:/program files (x86)/embitz/1.11/share/em_armgcc/bin/../lib/gcc/arm-none-eabi/5.4.1/armv7e-m/crtend.o
LOAD c:/program files (x86)/embitz/1.11/share/em_armgcc/bin/../lib/gcc/arm-none-eabi/5.4.1/armv7e-m/crtn.o
OUTPUT(bin\Debug\HelloWorld.elf elf32-littlearm)

.ARM.attributes
                0x00000000       0x2a
 .ARM.attributes
                0x00000000       0x1e c:/program files (x86)/embitz/1.11/share/em_armgcc/bin/../lib/gcc/arm-none-eabi/5.4.1/armv7e-m/crti.o
 .ARM.attributes
                0x0000001e       0x2e c:/program files (x86)/embitz/1.11/share/em_armgcc/bin/../lib/gcc/arm-none-eabi/5.4.1/armv7e-m/crtbegin.o
 .ARM.attributes
                0x0000004c       0x1c c:/program files (x86)/embitz/1.11/share/em_armgcc/bin/../lib/gcc/arm-none-eabi/5.4.1/../../../../arm-none-eabi/lib/armv7e-m/crt0.o
 .ARM.attributes
                0x00000068       0x33 obj\debug\spl\src\stm32f30x_rcc.o
 .ARM.attributes
                0x0000009b       0x33 obj\debug\spl\src\stm32f30x_usart.o
 .ARM.attributes
                0x000000ce       0x33 obj\debug\src\30010_io.o
 .ARM.attributes
                0x00000101       0x33 obj\debug\src\collider.o
 .ARM.attributes
                0x00000134       0x33 obj\debug\src\controlsystem.o
 .ARM.attributes
                0x00000167       0x33 obj\debug\src\drawing.o
 .ARM.attributes
                0x0000019a       0x33 obj\debug\src\drawobjects.o
 .ARM.attributes
                0x000001cd       0x33 obj\debug\src\enemycontroller.o
 .ARM.attributes
                0x00000200       0x33 obj\debug\src\main.o
 .ARM.attributes
                0x00000233       0x33 obj\debug\src\mainmenu.o
 .ARM.attributes
                0x00000266       0x33 obj\debug\src\managelevels.o
 .ARM.attributes
                0x00000299       0x33 obj\debug\src\mappack.o
 .ARM.attributes
                0x000002cc       0x33 obj\debug\src\menucontrols.o
 .ARM.attributes
                0x000002ff       0x33 obj\debug\src\ships.o
 .ARM.attributes
                0x00000332       0x1b obj\debug\src\startup_stm32f30x.o
 .ARM.attributes
                0x0000034d       0x33 obj\debug\src\system_stm32f30x.o
 .ARM.attributes
                0x00000380       0x33 obj\debug\src\timer.o
 .ARM.attributes
                0x000003b3       0x33 obj\debug\src\update.o
 .ARM.attributes
                0x000003e6       0x33 obj\debug\src\updateui.o
 .ARM.attributes
                0x00000419       0x2e c:/program files (x86)/embitz/1.11/share/em_armgcc/bin/../lib/gcc/arm-none-eabi/5.4.1/../../../../arm-none-eabi/lib/armv7e-m\libg_n.a(lib_a-exit.o)
 .ARM.attributes
                0x00000447       0x2e c:/program files (x86)/embitz/1.11/share/em_armgcc/bin/../lib/gcc/arm-none-eabi/5.4.1/../../../../arm-none-eabi/lib/armv7e-m\libg_n.a(lib_a-impure.o)
 .ARM.attributes
                0x00000475       0x2e c:/program files (x86)/embitz/1.11/share/em_armgcc/bin/../lib/gcc/arm-none-eabi/5.4.1/../../../../arm-none-eabi/lib/armv7e-m\libg_n.a(lib_a-init.o)
 .ARM.attributes
                0x000004a3       0x2e c:/program files (x86)/embitz/1.11/share/em_armgcc/bin/../lib/gcc/arm-none-eabi/5.4.1/../../../../arm-none-eabi/lib/armv7e-m\libg_n.a(lib_a-malloc.o)
 .ARM.attributes
                0x000004d1       0x2e c:/program files (x86)/embitz/1.11/share/em_armgcc/bin/../lib/gcc/arm-none-eabi/5.4.1/../../../../arm-none-eabi/lib/armv7e-m\libg_n.a(lib_a-memcpy-stub.o)
 .ARM.attributes
                0x000004ff       0x2e c:/program files (x86)/embitz/1.11/share/em_armgcc/bin/../lib/gcc/arm-none-eabi/5.4.1/../../../../arm-none-eabi/lib/armv7e-m\libg_n.a(lib_a-memset.o)
 .ARM.attributes
                0x0000052d       0x2e c:/program files (x86)/embitz/1.11/share/em_armgcc/bin/../lib/gcc/arm-none-eabi/5.4.1/../../../../arm-none-eabi/lib/armv7e-m\libg_n.a(lib_a-nano-freer.o)
 .ARM.attributes
                0x0000055b       0x2e c:/program files (x86)/embitz/1.11/share/em_armgcc/bin/../lib/gcc/arm-none-eabi/5.4.1/../../../../arm-none-eabi/lib/armv7e-m\libg_n.a(lib_a-nano-mallocr.o)
 .ARM.attributes
                0x00000589       0x2e c:/program files (x86)/embitz/1.11/share/em_armgcc/bin/../lib/gcc/arm-none-eabi/5.4.1/../../../../arm-none-eabi/lib/armv7e-m\libg_n.a(lib_a-printf.o)
 .ARM.attributes
                0x000005b7       0x2e c:/program files (x86)/embitz/1.11/share/em_armgcc/bin/../lib/gcc/arm-none-eabi/5.4.1/../../../../arm-none-eabi/lib/armv7e-m\libg_n.a(lib_a-putchar.o)
 .ARM.attributes
                0x000005e5       0x2e c:/program files (x86)/embitz/1.11/share/em_armgcc/bin/../lib/gcc/arm-none-eabi/5.4.1/../../../../arm-none-eabi/lib/armv7e-m\libg_n.a(lib_a-puts.o)
 .ARM.attributes
                0x00000613       0x2e c:/program files (x86)/embitz/1.11/share/em_armgcc/bin/../lib/gcc/arm-none-eabi/5.4.1/../../../../arm-none-eabi/lib/armv7e-m\libg_n.a(lib_a-sbrkr.o)
 .ARM.attributes
                0x00000641       0x2e c:/program files (x86)/embitz/1.11/share/em_armgcc/bin/../lib/gcc/arm-none-eabi/5.4.1/../../../../arm-none-eabi/lib/armv7e-m\libg_n.a(lib_a-setbuf.o)
 .ARM.attributes
                0x0000066f       0x2e c:/program files (x86)/embitz/1.11/share/em_armgcc/bin/../lib/gcc/arm-none-eabi/5.4.1/../../../../arm-none-eabi/lib/armv7e-m\libg_n.a(lib_a-setvbuf.o)
 .ARM.attributes
                0x0000069d       0x2e c:/program files (x86)/embitz/1.11/share/em_armgcc/bin/../lib/gcc/arm-none-eabi/5.4.1/../../../../arm-none-eabi/lib/armv7e-m\libg_n.a(lib_a-wbuf.o)
 .ARM.attributes
                0x000006cb       0x2e c:/program files (x86)/embitz/1.11/share/em_armgcc/bin/../lib/gcc/arm-none-eabi/5.4.1/../../../../arm-none-eabi/lib/armv7e-m\libg_n.a(lib_a-wsetup.o)
 .ARM.attributes
                0x000006f9       0x2e c:/program files (x86)/embitz/1.11/share/em_armgcc/bin/../lib/gcc/arm-none-eabi/5.4.1/../../../../arm-none-eabi/lib/armv7e-m\libg_n.a(lib_a-fflush.o)
 .ARM.attributes
                0x00000727       0x2e c:/program files (x86)/embitz/1.11/share/em_armgcc/bin/../lib/gcc/arm-none-eabi/5.4.1/../../../../arm-none-eabi/lib/armv7e-m\libg_n.a(lib_a-findfp.o)
 .ARM.attributes
                0x00000755       0x2e c:/program files (x86)/embitz/1.11/share/em_armgcc/bin/../lib/gcc/arm-none-eabi/5.4.1/../../../../arm-none-eabi/lib/armv7e-m\libg_n.a(lib_a-fwalk.o)
 .ARM.attributes
                0x00000783       0x2e c:/program files (x86)/embitz/1.11/share/em_armgcc/bin/../lib/gcc/arm-none-eabi/5.4.1/../../../../arm-none-eabi/lib/armv7e-m\libg_n.a(lib_a-makebuf.o)
 .ARM.attributes
                0x000007b1       0x2e c:/program files (x86)/embitz/1.11/share/em_armgcc/bin/../lib/gcc/arm-none-eabi/5.4.1/../../../../arm-none-eabi/lib/armv7e-m\libg_n.a(lib_a-mlock.o)
 .ARM.attributes
                0x000007df       0x2e c:/program files (x86)/embitz/1.11/share/em_armgcc/bin/../lib/gcc/arm-none-eabi/5.4.1/../../../../arm-none-eabi/lib/armv7e-m\libg_n.a(lib_a-nano-vfprintf.o)
 .ARM.attributes
                0x0000080d       0x2e c:/program files (x86)/embitz/1.11/share/em_armgcc/bin/../lib/gcc/arm-none-eabi/5.4.1/../../../../arm-none-eabi/lib/armv7e-m\libg_n.a(lib_a-nano-vfprintf_i.o)
 .ARM.attributes
                0x0000083b       0x2e c:/program files (x86)/embitz/1.11/share/em_armgcc/bin/../lib/gcc/arm-none-eabi/5.4.1/../../../../arm-none-eabi/lib/armv7e-m\libg_n.a(lib_a-putc.o)
 .ARM.attributes
                0x00000869       0x2e c:/program files (x86)/embitz/1.11/share/em_armgcc/bin/../lib/gcc/arm-none-eabi/5.4.1/../../../../arm-none-eabi/lib/armv7e-m\libg_n.a(lib_a-reent.o)
 .ARM.attributes
                0x00000897       0x2e c:/program files (x86)/embitz/1.11/share/em_armgcc/bin/../lib/gcc/arm-none-eabi/5.4.1/../../../../arm-none-eabi/lib/armv7e-m\libg_n.a(lib_a-stdio.o)
 .ARM.attributes
                0x000008c5       0x2e c:/program files (x86)/embitz/1.11/share/em_armgcc/bin/../lib/gcc/arm-none-eabi/5.4.1/../../../../arm-none-eabi/lib/armv7e-m\libg_n.a(lib_a-closer.o)
 .ARM.attributes
                0x000008f3       0x2e c:/program files (x86)/embitz/1.11/share/em_armgcc/bin/../lib/gcc/arm-none-eabi/5.4.1/../../../../arm-none-eabi/lib/armv7e-m\libg_n.a(lib_a-fstatr.o)
 .ARM.attributes
                0x00000921       0x2e c:/program files (x86)/embitz/1.11/share/em_armgcc/bin/../lib/gcc/arm-none-eabi/5.4.1/../../../../arm-none-eabi/lib/armv7e-m\libg_n.a(lib_a-isattyr.o)
 .ARM.attributes
                0x0000094f       0x2e c:/program files (x86)/embitz/1.11/share/em_armgcc/bin/../lib/gcc/arm-none-eabi/5.4.1/../../../../arm-none-eabi/lib/armv7e-m\libg_n.a(lib_a-lseekr.o)
 .ARM.attributes
                0x0000097d       0x1c c:/program files (x86)/embitz/1.11/share/em_armgcc/bin/../lib/gcc/arm-none-eabi/5.4.1/../../../../arm-none-eabi/lib/armv7e-m\libg_n.a(lib_a-memchr.o)
 .ARM.attributes
                0x00000999       0x2e c:/program files (x86)/embitz/1.11/share/em_armgcc/bin/../lib/gcc/arm-none-eabi/5.4.1/../../../../arm-none-eabi/lib/armv7e-m\libg_n.a(lib_a-readr.o)
 .ARM.attributes
                0x000009c7       0x2e c:/program files (x86)/embitz/1.11/share/em_armgcc/bin/../lib/gcc/arm-none-eabi/5.4.1/../../../../arm-none-eabi/lib/armv7e-m\libnosys_s.a(close.o)
 .ARM.attributes
                0x000009f5       0x2e c:/program files (x86)/embitz/1.11/share/em_armgcc/bin/../lib/gcc/arm-none-eabi/5.4.1/../../../../arm-none-eabi/lib/armv7e-m\libnosys_s.a(fstat.o)
 .ARM.attributes
                0x00000a23       0x2e c:/program files (x86)/embitz/1.11/share/em_armgcc/bin/../lib/gcc/arm-none-eabi/5.4.1/../../../../arm-none-eabi/lib/armv7e-m\libnosys_s.a(isatty.o)
 .ARM.attributes
                0x00000a51       0x2e c:/program files (x86)/embitz/1.11/share/em_armgcc/bin/../lib/gcc/arm-none-eabi/5.4.1/../../../../arm-none-eabi/lib/armv7e-m\libnosys_s.a(lseek.o)
 .ARM.attributes
                0x00000a7f       0x2e c:/program files (x86)/embitz/1.11/share/em_armgcc/bin/../lib/gcc/arm-none-eabi/5.4.1/../../../../arm-none-eabi/lib/armv7e-m\libnosys_s.a(read.o)
 .ARM.attributes
                0x00000aad       0x2e c:/program files (x86)/embitz/1.11/share/em_armgcc/bin/../lib/gcc/arm-none-eabi/5.4.1/../../../../arm-none-eabi/lib/armv7e-m\libnosys_s.a(sbrk.o)
 .ARM.attributes
                0x00000adb       0x2e c:/program files (x86)/embitz/1.11/share/em_armgcc/bin/../lib/gcc/arm-none-eabi/5.4.1/../../../../arm-none-eabi/lib/armv7e-m\libnosys_s.a(_exit.o)
 .ARM.attributes
                0x00000b09       0x2e c:/program files (x86)/embitz/1.11/share/em_armgcc/bin/../lib/gcc/arm-none-eabi/5.4.1/armv7e-m/crtend.o
 .ARM.attributes
                0x00000b37       0x1e c:/program files (x86)/embitz/1.11/share/em_armgcc/bin/../lib/gcc/arm-none-eabi/5.4.1/armv7e-m/crtn.o

.comment        0x00000000       0x6e
 .comment       0x00000000       0x6e obj\debug\spl\src\stm32f30x_rcc.o
                                 0x6f (size before relaxing)
 .comment       0x0000006e       0x6f obj\debug\spl\src\stm32f30x_usart.o
 .comment       0x0000006e       0x6f obj\debug\src\30010_io.o
 .comment       0x0000006e       0x6f obj\debug\src\collider.o
 .comment       0x0000006e       0x6f obj\debug\src\controlsystem.o
 .comment       0x0000006e       0x6f obj\debug\src\drawing.o
 .comment       0x0000006e       0x6f obj\debug\src\drawobjects.o
 .comment       0x0000006e       0x6f obj\debug\src\enemycontroller.o
 .comment       0x0000006e       0x6f obj\debug\src\main.o
 .comment       0x0000006e       0x6f obj\debug\src\mainmenu.o
 .comment       0x0000006e       0x6f obj\debug\src\managelevels.o
 .comment       0x0000006e       0x6f obj\debug\src\mappack.o
 .comment       0x0000006e       0x6f obj\debug\src\menucontrols.o
 .comment       0x0000006e       0x6f obj\debug\src\ships.o
 .comment       0x0000006e       0x6f obj\debug\src\system_stm32f30x.o
 .comment       0x0000006e       0x6f obj\debug\src\timer.o
 .comment       0x0000006e       0x6f obj\debug\src\update.o
 .comment       0x0000006e       0x6f obj\debug\src\updateui.o

.debug_info     0x00000000     0x6ae5
 .debug_info    0x00000000      0xad4 obj\debug\spl\src\stm32f30x_rcc.o
 .debug_info    0x00000ad4      0xecc obj\debug\spl\src\stm32f30x_usart.o
 .debug_info    0x000019a0     0x12ea obj\debug\src\30010_io.o
 .debug_info    0x00002c8a      0x52e obj\debug\src\collider.o
 .debug_info    0x000031b8      0x2cb obj\debug\src\controlsystem.o
 .debug_info    0x00003483      0x253 obj\debug\src\drawing.o
 .debug_info    0x000036d6      0x476 obj\debug\src\drawobjects.o
 .debug_info    0x00003b4c      0x1de obj\debug\src\enemycontroller.o
 .debug_info    0x00003d2a      0x264 obj\debug\src\main.o
 .debug_info    0x00003f8e      0xc4c obj\debug\src\mainmenu.o
 .debug_info    0x00004bda      0x346 obj\debug\src\managelevels.o
 .debug_info    0x00004f20      0x1bb obj\debug\src\mappack.o
 .debug_info    0x000050db      0x1bf obj\debug\src\menucontrols.o
 .debug_info    0x0000529a      0x30e obj\debug\src\ships.o
 .debug_info    0x000055a8       0x73 obj\debug\src\startup_stm32f30x.o
 .debug_info    0x0000561b      0x470 obj\debug\src\system_stm32f30x.o
 .debug_info    0x00005a8b      0x947 obj\debug\src\timer.o
 .debug_info    0x000063d2      0x55e obj\debug\src\update.o
 .debug_info    0x00006930      0x1b5 obj\debug\src\updateui.o

.debug_abbrev   0x00000000     0x15d4
 .debug_abbrev  0x00000000      0x1ea obj\debug\spl\src\stm32f30x_rcc.o
 .debug_abbrev  0x000001ea      0x15c obj\debug\spl\src\stm32f30x_usart.o
 .debug_abbrev  0x00000346      0x33a obj\debug\src\30010_io.o
 .debug_abbrev  0x00000680      0x11c obj\debug\src\collider.o
 .debug_abbrev  0x0000079c      0x10b obj\debug\src\controlsystem.o
 .debug_abbrev  0x000008a7       0xff obj\debug\src\drawing.o
 .debug_abbrev  0x000009a6       0xed obj\debug\src\drawobjects.o
 .debug_abbrev  0x00000a93       0xc3 obj\debug\src\enemycontroller.o
 .debug_abbrev  0x00000b56       0xcd obj\debug\src\main.o
 .debug_abbrev  0x00000c23      0x1bc obj\debug\src\mainmenu.o
 .debug_abbrev  0x00000ddf       0xb4 obj\debug\src\managelevels.o
 .debug_abbrev  0x00000e93       0xd1 obj\debug\src\mappack.o
 .debug_abbrev  0x00000f64       0xd3 obj\debug\src\menucontrols.o
 .debug_abbrev  0x00001037       0xd5 obj\debug\src\ships.o
 .debug_abbrev  0x0000110c       0x14 obj\debug\src\startup_stm32f30x.o
 .debug_abbrev  0x00001120      0x11a obj\debug\src\system_stm32f30x.o
 .debug_abbrev  0x0000123a      0x1b0 obj\debug\src\timer.o
 .debug_abbrev  0x000013ea      0x13f obj\debug\src\update.o
 .debug_abbrev  0x00001529       0xab obj\debug\src\updateui.o

.debug_aranges  0x00000000      0x6d8
 .debug_aranges
                0x00000000      0x150 obj\debug\spl\src\stm32f30x_rcc.o
 .debug_aranges
                0x00000150      0x1a0 obj\debug\spl\src\stm32f30x_usart.o
 .debug_aranges
                0x000002f0       0x78 obj\debug\src\30010_io.o
 .debug_aranges
                0x00000368       0x38 obj\debug\src\collider.o
 .debug_aranges
                0x000003a0       0x28 obj\debug\src\controlsystem.o
 .debug_aranges
                0x000003c8       0x38 obj\debug\src\drawing.o
 .debug_aranges
                0x00000400       0x28 obj\debug\src\drawobjects.o
 .debug_aranges
                0x00000428       0x20 obj\debug\src\enemycontroller.o
 .debug_aranges
                0x00000448       0x20 obj\debug\src\main.o
 .debug_aranges
                0x00000468      0x110 obj\debug\src\mainmenu.o
 .debug_aranges
                0x00000578       0x20 obj\debug\src\managelevels.o
 .debug_aranges
                0x00000598       0x20 obj\debug\src\mappack.o
 .debug_aranges
                0x000005b8       0x20 obj\debug\src\menucontrols.o
 .debug_aranges
                0x000005d8       0x20 obj\debug\src\ships.o
 .debug_aranges
                0x000005f8       0x20 obj\debug\src\startup_stm32f30x.o
 .debug_aranges
                0x00000618       0x30 obj\debug\src\system_stm32f30x.o
 .debug_aranges
                0x00000648       0x40 obj\debug\src\timer.o
 .debug_aranges
                0x00000688       0x30 obj\debug\src\update.o
 .debug_aranges
                0x000006b8       0x20 obj\debug\src\updateui.o

.debug_ranges   0x00000000      0x5b0
 .debug_ranges  0x00000000      0x140 obj\debug\spl\src\stm32f30x_rcc.o
 .debug_ranges  0x00000140      0x190 obj\debug\spl\src\stm32f30x_usart.o
 .debug_ranges  0x000002d0       0x68 obj\debug\src\30010_io.o
 .debug_ranges  0x00000338       0x28 obj\debug\src\collider.o
 .debug_ranges  0x00000360       0x30 obj\debug\src\controlsystem.o
 .debug_ranges  0x00000390       0x28 obj\debug\src\drawing.o
 .debug_ranges  0x000003b8       0x18 obj\debug\src\drawobjects.o
 .debug_ranges  0x000003d0       0x10 obj\debug\src\enemycontroller.o
 .debug_ranges  0x000003e0       0x10 obj\debug\src\main.o
 .debug_ranges  0x000003f0      0x100 obj\debug\src\mainmenu.o
 .debug_ranges  0x000004f0       0x10 obj\debug\src\managelevels.o
 .debug_ranges  0x00000500       0x10 obj\debug\src\mappack.o
 .debug_ranges  0x00000510       0x10 obj\debug\src\menucontrols.o
 .debug_ranges  0x00000520       0x10 obj\debug\src\ships.o
 .debug_ranges  0x00000530       0x20 obj\debug\src\system_stm32f30x.o
 .debug_ranges  0x00000550       0x30 obj\debug\src\timer.o
 .debug_ranges  0x00000580       0x20 obj\debug\src\update.o
 .debug_ranges  0x000005a0       0x10 obj\debug\src\updateui.o

.debug_macro    0x00000000     0x40ae
 .debug_macro   0x00000000      0x238 obj\debug\spl\src\stm32f30x_rcc.o
 .debug_macro   0x00000238      0x5c0 obj\debug\spl\src\stm32f30x_rcc.o
 .debug_macro   0x000007f8      0x1b3 obj\debug\spl\src\stm32f30x_usart.o
 .debug_macro   0x000009ab      0x35e obj\debug\spl\src\stm32f30x_usart.o
 .debug_macro   0x00000d09      0x2de obj\debug\src\30010_io.o
 .debug_macro   0x00000fe7       0x52 obj\debug\src\30010_io.o
 .debug_macro   0x00001039       0x35 obj\debug\src\30010_io.o
 .debug_macro   0x0000106e       0x9c obj\debug\src\30010_io.o
 .debug_macro   0x0000110a       0x16 obj\debug\src\30010_io.o
 .debug_macro   0x00001120       0x97 obj\debug\src\30010_io.o
 .debug_macro   0x000011b7      0x30d obj\debug\src\30010_io.o
 .debug_macro   0x000014c4       0xfd obj\debug\src\30010_io.o
 .debug_macro   0x000015c1       0x10 obj\debug\src\30010_io.o
 .debug_macro   0x000015d1       0x52 obj\debug\src\30010_io.o
 .debug_macro   0x00001623       0x1f obj\debug\src\30010_io.o
 .debug_macro   0x00001642       0x43 obj\debug\src\30010_io.o
 .debug_macro   0x00001685       0x20 obj\debug\src\30010_io.o
 .debug_macro   0x000016a5      0x187 obj\debug\src\30010_io.o
 .debug_macro   0x0000182c       0x10 obj\debug\src\30010_io.o
 .debug_macro   0x0000183c       0x1c obj\debug\src\30010_io.o
 .debug_macro   0x00001858       0x52 obj\debug\src\30010_io.o
 .debug_macro   0x000018aa       0x40 obj\debug\src\30010_io.o
 .debug_macro   0x000018ea       0x10 obj\debug\src\30010_io.o
 .debug_macro   0x000018fa       0x40 obj\debug\src\30010_io.o
 .debug_macro   0x0000193a       0xd7 obj\debug\src\30010_io.o
 .debug_macro   0x00001a11       0x16 obj\debug\src\30010_io.o
 .debug_macro   0x00001a27      0x189 obj\debug\src\30010_io.o
 .debug_macro   0x00001bb0      0x1f6 obj\debug\src\collider.o
 .debug_macro   0x00001da6       0x16 obj\debug\src\collider.o
 .debug_macro   0x00001dbc       0x35 obj\debug\src\collider.o
 .debug_macro   0x00001df1       0x16 obj\debug\src\collider.o
 .debug_macro   0x00001e07       0x29 obj\debug\src\collider.o
 .debug_macro   0x00001e30      0x206 obj\debug\src\controlsystem.o
 .debug_macro   0x00002036      0x1f6 obj\debug\src\drawing.o
 .debug_macro   0x0000222c      0x1fa obj\debug\src\drawobjects.o
 .debug_macro   0x00002426      0x200 obj\debug\src\enemycontroller.o
 .debug_macro   0x00002626      0x394 obj\debug\src\main.o
 .debug_macro   0x000029ba      0x38a obj\debug\src\mainmenu.o
 .debug_macro   0x00002d44       0x10 obj\debug\src\mainmenu.o
 .debug_macro   0x00002d54      0x204 obj\debug\src\managelevels.o
 .debug_macro   0x00002f58      0x1fa obj\debug\src\mappack.o
 .debug_macro   0x00003152      0x218 obj\debug\src\menucontrols.o
 .debug_macro   0x0000336a      0x1fe obj\debug\src\ships.o
 .debug_macro   0x00003568       0x4c obj\debug\src\ships.o
 .debug_macro   0x000035b4       0x8d obj\debug\src\ships.o
 .debug_macro   0x00003641       0x4a obj\debug\src\ships.o
 .debug_macro   0x0000368b      0x197 obj\debug\src\system_stm32f30x.o
 .debug_macro   0x00003822      0x324 obj\debug\src\timer.o
 .debug_macro   0x00003b46      0x378 obj\debug\src\update.o
 .debug_macro   0x00003ebe      0x1f0 obj\debug\src\updateui.o

.debug_line     0x00000000     0x61b6
 .debug_line    0x00000000      0x7e5 obj\debug\spl\src\stm32f30x_rcc.o
 .debug_line    0x000007e5      0x86c obj\debug\spl\src\stm32f30x_usart.o
 .debug_line    0x00001051      0x733 obj\debug\src\30010_io.o
 .debug_line    0x00001784      0x4c6 obj\debug\src\collider.o
 .debug_line    0x00001c4a      0x3d8 obj\debug\src\controlsystem.o
 .debug_line    0x00002022      0x3c9 obj\debug\src\drawing.o
 .debug_line    0x000023eb      0x41f obj\debug\src\drawobjects.o
 .debug_line    0x0000280a      0x3a4 obj\debug\src\enemycontroller.o
 .debug_line    0x00002bae      0x62e obj\debug\src\main.o
 .debug_line    0x000031dc      0xb31 obj\debug\src\mainmenu.o
 .debug_line    0x00003d0d      0x38e obj\debug\src\managelevels.o
 .debug_line    0x0000409b      0x373 obj\debug\src\mappack.o
 .debug_line    0x0000440e      0x43e obj\debug\src\menucontrols.o
 .debug_line    0x0000484c      0x3cf obj\debug\src\ships.o
 .debug_line    0x00004c1b       0xbb obj\debug\src\startup_stm32f30x.o
 .debug_line    0x00004cd6      0x493 obj\debug\src\system_stm32f30x.o
 .debug_line    0x00005169      0x5e4 obj\debug\src\timer.o
 .debug_line    0x0000574d      0x6e5 obj\debug\src\update.o
 .debug_line    0x00005e32      0x384 obj\debug\src\updateui.o

.debug_str      0x00000000    0x583f3
 .debug_str     0x00000000    0x52c0c obj\debug\spl\src\stm32f30x_rcc.o
                              0x52dc8 (size before relaxing)
 .debug_str     0x00052c0c      0x81e obj\debug\spl\src\stm32f30x_usart.o
                              0x52c9c (size before relaxing)
 .debug_str     0x0005342a     0x443e obj\debug\src\30010_io.o
                              0x56a01 (size before relaxing)
 .debug_str     0x00057868      0x2ba obj\debug\src\collider.o
                               0x71fa (size before relaxing)
 .debug_str     0x00057b22       0xb5 obj\debug\src\controlsystem.o
                               0x715f (size before relaxing)
 .debug_str     0x00057bd7       0x61 obj\debug\src\drawing.o
                               0x70e0 (size before relaxing)
 .debug_str     0x00057c38       0x79 obj\debug\src\drawobjects.o
                               0x716c (size before relaxing)
 .debug_str     0x00057cb1       0x58 obj\debug\src\enemycontroller.o
                               0x70eb (size before relaxing)
 .debug_str     0x00057d09       0xfc obj\debug\src\main.o
                              0x560c2 (size before relaxing)
 .debug_str     0x00057e05      0x274 obj\debug\src\mainmenu.o
                              0x56350 (size before relaxing)
 .debug_str     0x00058079       0x50 obj\debug\src\managelevels.o
                               0x715c (size before relaxing)
 .debug_str     0x000580c9       0x1c obj\debug\src\mappack.o
                               0x7095 (size before relaxing)
 .debug_str     0x000580e5       0x2c obj\debug\src\menucontrols.o
                               0x70f8 (size before relaxing)
 .debug_str     0x00058111       0x1c obj\debug\src\ships.o
                               0x7113 (size before relaxing)
 .debug_str     0x0005812d       0xe0 obj\debug\src\system_stm32f30x.o
                              0x5245a (size before relaxing)
 .debug_str     0x0005820d       0xd8 obj\debug\src\timer.o
                              0x565e5 (size before relaxing)
 .debug_str     0x000582e5       0x69 obj\debug\src\update.o
                              0x561c6 (size before relaxing)
 .debug_str     0x0005834e       0xa5 obj\debug\src\updateui.o
                               0x70a6 (size before relaxing)

.debug_frame    0x00000000     0x2268
 .debug_frame   0x00000000      0x60c obj\debug\spl\src\stm32f30x_rcc.o
 .debug_frame   0x0000060c      0x7b0 obj\debug\spl\src\stm32f30x_usart.o
 .debug_frame   0x00000dbc      0x1b4 obj\debug\src\30010_io.o
 .debug_frame   0x00000f70       0xb4 obj\debug\src\collider.o
 .debug_frame   0x00001024       0x60 obj\debug\src\controlsystem.o
 .debug_frame   0x00001084       0xa4 obj\debug\src\drawing.o
 .debug_frame   0x00001128       0x64 obj\debug\src\drawobjects.o
 .debug_frame   0x0000118c       0x3c obj\debug\src\enemycontroller.o
 .debug_frame   0x000011c8       0x30 obj\debug\src\main.o
 .debug_frame   0x000011f8      0x424 obj\debug\src\mainmenu.o
 .debug_frame   0x0000161c       0x34 obj\debug\src\managelevels.o
 .debug_frame   0x00001650       0x40 obj\debug\src\mappack.o
 .debug_frame   0x00001690       0x38 obj\debug\src\menucontrols.o
 .debug_frame   0x000016c8       0x38 obj\debug\src\ships.o
 .debug_frame   0x00001700       0x74 obj\debug\src\system_stm32f30x.o
 .debug_frame   0x00001774       0xc0 obj\debug\src\timer.o
 .debug_frame   0x00001834       0x88 obj\debug\src\update.o
 .debug_frame   0x000018bc       0x34 obj\debug\src\updateui.o
 .debug_frame   0x000018f0       0x28 c:/program files (x86)/embitz/1.11/share/em_armgcc/bin/../lib/gcc/arm-none-eabi/5.4.1/../../../../arm-none-eabi/lib/armv7e-m\libg_n.a(lib_a-exit.o)
 .debug_frame   0x00001918       0x2c c:/program files (x86)/embitz/1.11/share/em_armgcc/bin/../lib/gcc/arm-none-eabi/5.4.1/../../../../arm-none-eabi/lib/armv7e-m\libg_n.a(lib_a-init.o)
 .debug_frame   0x00001944       0x30 c:/program files (x86)/embitz/1.11/share/em_armgcc/bin/../lib/gcc/arm-none-eabi/5.4.1/../../../../arm-none-eabi/lib/armv7e-m\libg_n.a(lib_a-malloc.o)
 .debug_frame   0x00001974       0x28 c:/program files (x86)/embitz/1.11/share/em_armgcc/bin/../lib/gcc/arm-none-eabi/5.4.1/../../../../arm-none-eabi/lib/armv7e-m\libg_n.a(lib_a-memcpy-stub.o)
 .debug_frame   0x0000199c       0x20 c:/program files (x86)/embitz/1.11/share/em_armgcc/bin/../lib/gcc/arm-none-eabi/5.4.1/../../../../arm-none-eabi/lib/armv7e-m\libg_n.a(lib_a-memset.o)
 .debug_frame   0x000019bc       0x38 c:/program files (x86)/embitz/1.11/share/em_armgcc/bin/../lib/gcc/arm-none-eabi/5.4.1/../../../../arm-none-eabi/lib/armv7e-m\libg_n.a(lib_a-nano-freer.o)
 .debug_frame   0x000019f4       0x2c c:/program files (x86)/embitz/1.11/share/em_armgcc/bin/../lib/gcc/arm-none-eabi/5.4.1/../../../../arm-none-eabi/lib/armv7e-m\libg_n.a(lib_a-nano-mallocr.o)
 .debug_frame   0x00001a20       0x74 c:/program files (x86)/embitz/1.11/share/em_armgcc/bin/../lib/gcc/arm-none-eabi/5.4.1/../../../../arm-none-eabi/lib/armv7e-m\libg_n.a(lib_a-printf.o)
 .debug_frame   0x00001a94       0x58 c:/program files (x86)/embitz/1.11/share/em_armgcc/bin/../lib/gcc/arm-none-eabi/5.4.1/../../../../arm-none-eabi/lib/armv7e-m\libg_n.a(lib_a-putchar.o)
 .debug_frame   0x00001aec       0x3c c:/program files (x86)/embitz/1.11/share/em_armgcc/bin/../lib/gcc/arm-none-eabi/5.4.1/../../../../arm-none-eabi/lib/armv7e-m\libg_n.a(lib_a-puts.o)
 .debug_frame   0x00001b28       0x2c c:/program files (x86)/embitz/1.11/share/em_armgcc/bin/../lib/gcc/arm-none-eabi/5.4.1/../../../../arm-none-eabi/lib/armv7e-m\libg_n.a(lib_a-sbrkr.o)
 .debug_frame   0x00001b54       0x20 c:/program files (x86)/embitz/1.11/share/em_armgcc/bin/../lib/gcc/arm-none-eabi/5.4.1/../../../../arm-none-eabi/lib/armv7e-m\libg_n.a(lib_a-setbuf.o)
 .debug_frame   0x00001b74       0x38 c:/program files (x86)/embitz/1.11/share/em_armgcc/bin/../lib/gcc/arm-none-eabi/5.4.1/../../../../arm-none-eabi/lib/armv7e-m\libg_n.a(lib_a-setvbuf.o)
 .debug_frame   0x00001bac       0x40 c:/program files (x86)/embitz/1.11/share/em_armgcc/bin/../lib/gcc/arm-none-eabi/5.4.1/../../../../arm-none-eabi/lib/armv7e-m\libg_n.a(lib_a-wbuf.o)
 .debug_frame   0x00001bec       0x2c c:/program files (x86)/embitz/1.11/share/em_armgcc/bin/../lib/gcc/arm-none-eabi/5.4.1/../../../../arm-none-eabi/lib/armv7e-m\libg_n.a(lib_a-wsetup.o)
 .debug_frame   0x00001c18       0x68 c:/program files (x86)/embitz/1.11/share/em_armgcc/bin/../lib/gcc/arm-none-eabi/5.4.1/../../../../arm-none-eabi/lib/armv7e-m\libg_n.a(lib_a-fflush.o)
 .debug_frame   0x00001c80      0x11c c:/program files (x86)/embitz/1.11/share/em_armgcc/bin/../lib/gcc/arm-none-eabi/5.4.1/../../../../arm-none-eabi/lib/armv7e-m\libg_n.a(lib_a-findfp.o)
 .debug_frame   0x00001d9c       0x54 c:/program files (x86)/embitz/1.11/share/em_armgcc/bin/../lib/gcc/arm-none-eabi/5.4.1/../../../../arm-none-eabi/lib/armv7e-m\libg_n.a(lib_a-fwalk.o)
 .debug_frame   0x00001df0       0x54 c:/program files (x86)/embitz/1.11/share/em_armgcc/bin/../lib/gcc/arm-none-eabi/5.4.1/../../../../arm-none-eabi/lib/armv7e-m\libg_n.a(lib_a-makebuf.o)
 .debug_frame   0x00001e44       0x30 c:/program files (x86)/embitz/1.11/share/em_armgcc/bin/../lib/gcc/arm-none-eabi/5.4.1/../../../../arm-none-eabi/lib/armv7e-m\libg_n.a(lib_a-mlock.o)
 .debug_frame   0x00001e74       0xac c:/program files (x86)/embitz/1.11/share/em_armgcc/bin/../lib/gcc/arm-none-eabi/5.4.1/../../../../arm-none-eabi/lib/armv7e-m\libg_n.a(lib_a-nano-vfprintf.o)
 .debug_frame   0x00001f20       0x60 c:/program files (x86)/embitz/1.11/share/em_armgcc/bin/../lib/gcc/arm-none-eabi/5.4.1/../../../../arm-none-eabi/lib/armv7e-m\libg_n.a(lib_a-nano-vfprintf_i.o)
 .debug_frame   0x00001f80       0x48 c:/program files (x86)/embitz/1.11/share/em_armgcc/bin/../lib/gcc/arm-none-eabi/5.4.1/../../../../arm-none-eabi/lib/armv7e-m\libg_n.a(lib_a-putc.o)
 .debug_frame   0x00001fc8       0x5c c:/program files (x86)/embitz/1.11/share/em_armgcc/bin/../lib/gcc/arm-none-eabi/5.4.1/../../../../arm-none-eabi/lib/armv7e-m\libg_n.a(lib_a-reent.o)
 .debug_frame   0x00002024       0x88 c:/program files (x86)/embitz/1.11/share/em_armgcc/bin/../lib/gcc/arm-none-eabi/5.4.1/../../../../arm-none-eabi/lib/armv7e-m\libg_n.a(lib_a-stdio.o)
 .debug_frame   0x000020ac       0x2c c:/program files (x86)/embitz/1.11/share/em_armgcc/bin/../lib/gcc/arm-none-eabi/5.4.1/../../../../arm-none-eabi/lib/armv7e-m\libg_n.a(lib_a-closer.o)
 .debug_frame   0x000020d8       0x2c c:/program files (x86)/embitz/1.11/share/em_armgcc/bin/../lib/gcc/arm-none-eabi/5.4.1/../../../../arm-none-eabi/lib/armv7e-m\libg_n.a(lib_a-fstatr.o)
 .debug_frame   0x00002104       0x2c c:/program files (x86)/embitz/1.11/share/em_armgcc/bin/../lib/gcc/arm-none-eabi/5.4.1/../../../../arm-none-eabi/lib/armv7e-m\libg_n.a(lib_a-isattyr.o)
 .debug_frame   0x00002130       0x2c c:/program files (x86)/embitz/1.11/share/em_armgcc/bin/../lib/gcc/arm-none-eabi/5.4.1/../../../../arm-none-eabi/lib/armv7e-m\libg_n.a(lib_a-lseekr.o)
 .debug_frame   0x0000215c       0x2c c:/program files (x86)/embitz/1.11/share/em_armgcc/bin/../lib/gcc/arm-none-eabi/5.4.1/../../../../arm-none-eabi/lib/armv7e-m\libg_n.a(lib_a-readr.o)
 .debug_frame   0x00002188       0x20 c:/program files (x86)/embitz/1.11/share/em_armgcc/bin/../lib/gcc/arm-none-eabi/5.4.1/../../../../arm-none-eabi/lib/armv7e-m\libnosys_s.a(close.o)
 .debug_frame   0x000021a8       0x20 c:/program files (x86)/embitz/1.11/share/em_armgcc/bin/../lib/gcc/arm-none-eabi/5.4.1/../../../../arm-none-eabi/lib/armv7e-m\libnosys_s.a(fstat.o)
 .debug_frame   0x000021c8       0x20 c:/program files (x86)/embitz/1.11/share/em_armgcc/bin/../lib/gcc/arm-none-eabi/5.4.1/../../../../arm-none-eabi/lib/armv7e-m\libnosys_s.a(isatty.o)
 .debug_frame   0x000021e8       0x20 c:/program files (x86)/embitz/1.11/share/em_armgcc/bin/../lib/gcc/arm-none-eabi/5.4.1/../../../../arm-none-eabi/lib/armv7e-m\libnosys_s.a(lseek.o)
 .debug_frame   0x00002208       0x20 c:/program files (x86)/embitz/1.11/share/em_armgcc/bin/../lib/gcc/arm-none-eabi/5.4.1/../../../../arm-none-eabi/lib/armv7e-m\libnosys_s.a(read.o)
 .debug_frame   0x00002228       0x20 c:/program files (x86)/embitz/1.11/share/em_armgcc/bin/../lib/gcc/arm-none-eabi/5.4.1/../../../../arm-none-eabi/lib/armv7e-m\libnosys_s.a(sbrk.o)
 .debug_frame   0x00002248       0x20 c:/program files (x86)/embitz/1.11/share/em_armgcc/bin/../lib/gcc/arm-none-eabi/5.4.1/../../../../arm-none-eabi/lib/armv7e-m\libnosys_s.a(_exit.o)

.stab           0x00000000       0x84
 .stab          0x00000000       0x24 c:/program files (x86)/embitz/1.11/share/em_armgcc/bin/../lib/gcc/arm-none-eabi/5.4.1/../../../../arm-none-eabi/lib/armv7e-m\libnosys_s.a(close.o)
 .stab          0x00000024       0x18 c:/program files (x86)/embitz/1.11/share/em_armgcc/bin/../lib/gcc/arm-none-eabi/5.4.1/../../../../arm-none-eabi/lib/armv7e-m\libnosys_s.a(fstat.o)
                                 0x24 (size before relaxing)
 .stab          0x0000003c       0x18 c:/program files (x86)/embitz/1.11/share/em_armgcc/bin/../lib/gcc/arm-none-eabi/5.4.1/../../../../arm-none-eabi/lib/armv7e-m\libnosys_s.a(isatty.o)
                                 0x24 (size before relaxing)
 .stab          0x00000054       0x18 c:/program files (x86)/embitz/1.11/share/em_armgcc/bin/../lib/gcc/arm-none-eabi/5.4.1/../../../../arm-none-eabi/lib/armv7e-m\libnosys_s.a(lseek.o)
                                 0x24 (size before relaxing)
 .stab          0x0000006c       0x18 c:/program files (x86)/embitz/1.11/share/em_armgcc/bin/../lib/gcc/arm-none-eabi/5.4.1/../../../../arm-none-eabi/lib/armv7e-m\libnosys_s.a(read.o)
                                 0x24 (size before relaxing)

.stabstr        0x00000000      0x117
 .stabstr       0x00000000      0x117 c:/program files (x86)/embitz/1.11/share/em_armgcc/bin/../lib/gcc/arm-none-eabi/5.4.1/../../../../arm-none-eabi/lib/armv7e-m\libnosys_s.a(close.o)
