Archive member included to satisfy reference by file (symbol)

c:/program files (x86)/embitz/1.11/share/em_armgcc/bin/../lib/gcc/arm-none-eabi/5.4.1/../../../../arm-none-eabi/lib/armv7e-m\libg_n.a(lib_a-exit.o)
                              c:/program files (x86)/embitz/1.11/share/em_armgcc/bin/../lib/gcc/arm-none-eabi/5.4.1/../../../../arm-none-eabi/lib/armv7e-m/crt0.o (exit)
c:/program files (x86)/embitz/1.11/share/em_armgcc/bin/../lib/gcc/arm-none-eabi/5.4.1/../../../../arm-none-eabi/lib/armv7e-m\libg_n.a(lib_a-impure.o)
                              c:/program files (x86)/embitz/1.11/share/em_armgcc/bin/../lib/gcc/arm-none-eabi/5.4.1/../../../../arm-none-eabi/lib/armv7e-m\libg_n.a(lib_a-exit.o) (_global_impure_ptr)
c:/program files (x86)/embitz/1.11/share/em_armgcc/bin/../lib/gcc/arm-none-eabi/5.4.1/../../../../arm-none-eabi/lib/armv7e-m\libg_n.a(lib_a-init.o)
                              c:/program files (x86)/embitz/1.11/share/em_armgcc/bin/../lib/gcc/arm-none-eabi/5.4.1/../../../../arm-none-eabi/lib/armv7e-m/crt0.o (__libc_init_array)
c:/program files (x86)/embitz/1.11/share/em_armgcc/bin/../lib/gcc/arm-none-eabi/5.4.1/../../../../arm-none-eabi/lib/armv7e-m\libg_n.a(lib_a-malloc.o)
                              obj\debug\src\mappack.o (free)
c:/program files (x86)/embitz/1.11/share/em_armgcc/bin/../lib/gcc/arm-none-eabi/5.4.1/../../../../arm-none-eabi/lib/armv7e-m\libg_n.a(lib_a-memcpy-stub.o)
                              obj\debug\src\mappack.o (memcpy)
c:/program files (x86)/embitz/1.11/share/em_armgcc/bin/../lib/gcc/arm-none-eabi/5.4.1/../../../../arm-none-eabi/lib/armv7e-m\libg_n.a(lib_a-memset.o)
                              c:/program files (x86)/embitz/1.11/share/em_armgcc/bin/../lib/gcc/arm-none-eabi/5.4.1/../../../../arm-none-eabi/lib/armv7e-m/crt0.o (memset)
c:/program files (x86)/embitz/1.11/share/em_armgcc/bin/../lib/gcc/arm-none-eabi/5.4.1/../../../../arm-none-eabi/lib/armv7e-m\libg_n.a(lib_a-nano-freer.o)
                              c:/program files (x86)/embitz/1.11/share/em_armgcc/bin/../lib/gcc/arm-none-eabi/5.4.1/../../../../arm-none-eabi/lib/armv7e-m\libg_n.a(lib_a-malloc.o) (_free_r)
c:/program files (x86)/embitz/1.11/share/em_armgcc/bin/../lib/gcc/arm-none-eabi/5.4.1/../../../../arm-none-eabi/lib/armv7e-m\libg_n.a(lib_a-nano-mallocr.o)
                              c:/program files (x86)/embitz/1.11/share/em_armgcc/bin/../lib/gcc/arm-none-eabi/5.4.1/../../../../arm-none-eabi/lib/armv7e-m\libg_n.a(lib_a-malloc.o) (_malloc_r)
c:/program files (x86)/embitz/1.11/share/em_armgcc/bin/../lib/gcc/arm-none-eabi/5.4.1/../../../../arm-none-eabi/lib/armv7e-m\libg_n.a(lib_a-printf.o)
                              obj\debug\src\drawing.o (printf)
c:/program files (x86)/embitz/1.11/share/em_armgcc/bin/../lib/gcc/arm-none-eabi/5.4.1/../../../../arm-none-eabi/lib/armv7e-m\libg_n.a(lib_a-putchar.o)
                              obj\debug\src\drawing.o (putchar)
c:/program files (x86)/embitz/1.11/share/em_armgcc/bin/../lib/gcc/arm-none-eabi/5.4.1/../../../../arm-none-eabi/lib/armv7e-m\libg_n.a(lib_a-puts.o)
                              obj\debug\src\managelevels.o (puts)
c:/program files (x86)/embitz/1.11/share/em_armgcc/bin/../lib/gcc/arm-none-eabi/5.4.1/../../../../arm-none-eabi/lib/armv7e-m\libg_n.a(lib_a-sbrkr.o)
                              c:/program files (x86)/embitz/1.11/share/em_armgcc/bin/../lib/gcc/arm-none-eabi/5.4.1/../../../../arm-none-eabi/lib/armv7e-m\libg_n.a(lib_a-nano-mallocr.o) (_sbrk_r)
c:/program files (x86)/embitz/1.11/share/em_armgcc/bin/../lib/gcc/arm-none-eabi/5.4.1/../../../../arm-none-eabi/lib/armv7e-m\libg_n.a(lib_a-setbuf.o)
                              obj\debug\src\30010_io.o (setbuf)
c:/program files (x86)/embitz/1.11/share/em_armgcc/bin/../lib/gcc/arm-none-eabi/5.4.1/../../../../arm-none-eabi/lib/armv7e-m\libg_n.a(lib_a-setvbuf.o)
                              c:/program files (x86)/embitz/1.11/share/em_armgcc/bin/../lib/gcc/arm-none-eabi/5.4.1/../../../../arm-none-eabi/lib/armv7e-m\libg_n.a(lib_a-setbuf.o) (setvbuf)
c:/program files (x86)/embitz/1.11/share/em_armgcc/bin/../lib/gcc/arm-none-eabi/5.4.1/../../../../arm-none-eabi/lib/armv7e-m\libg_n.a(lib_a-sprintf.o)
                              obj\debug\src\timer.o (sprintf)
c:/program files (x86)/embitz/1.11/share/em_armgcc/bin/../lib/gcc/arm-none-eabi/5.4.1/../../../../arm-none-eabi/lib/armv7e-m\libg_n.a(lib_a-wbuf.o)
                              c:/program files (x86)/embitz/1.11/share/em_armgcc/bin/../lib/gcc/arm-none-eabi/5.4.1/../../../../arm-none-eabi/lib/armv7e-m\libg_n.a(lib_a-puts.o) (__swbuf_r)
c:/program files (x86)/embitz/1.11/share/em_armgcc/bin/../lib/gcc/arm-none-eabi/5.4.1/../../../../arm-none-eabi/lib/armv7e-m\libg_n.a(lib_a-wsetup.o)
                              c:/program files (x86)/embitz/1.11/share/em_armgcc/bin/../lib/gcc/arm-none-eabi/5.4.1/../../../../arm-none-eabi/lib/armv7e-m\libg_n.a(lib_a-puts.o) (__swsetup_r)
[...]
Memory Configuration

Name             Origin             Length             Attributes
ROM              0x08000000         0x00010000         xr
RAM              0x20000000         0x00004000         xrw
*default*        0x00000000         0xffffffff

Linker script and memory map

LOAD c:/program files (x86)/embitz/1.11/share/em_armgcc/bin/../lib/gcc/arm-none-eabi/5.4.1/armv7e-m/crti.o
LOAD c:/program files (x86)/embitz/1.11/share/em_armgcc/bin/../lib/gcc/arm-none-eabi/5.4.1/armv7e-m/crtbegin.o
LOAD c:/program files (x86)/embitz/1.11/share/em_armgcc/bin/../lib/gcc/arm-none-eabi/5.4.1/../../../../arm-none-eabi/lib/armv7e-m/crt0.o
                0x00000000                __HEAP_SIZE = 0x0
                0x00000100                __STACK_SIZE = 0x100

.text           0x08000000     0x8218
 *(.isr_vector)
 .isr_vector    0x08000000      0x188 obj\debug\src\startup_stm32f30x.o
                0x08000000                __isr_vector
 *(.text*)
 .text          0x08000188       0x5c c:/program files (x86)/embitz/1.11/share/em_armgcc/bin/../lib/gcc/arm-none-eabi/5.4.1/armv7e-m/crtbegin.o
 .text          0x080001e4       0x74 c:/program files (x86)/embitz/1.11/share/em_armgcc/bin/../lib/gcc/arm-none-eabi/5.4.1/../../../../arm-none-eabi/lib/armv7e-m/crt0.o
                0x080001e4                _start
                0x080001e4                _mainCRTStartup
 .text.RCC_GetClocksFreq
                0x08000258      0x414 obj\debug\spl\src\stm32f30x_rcc.o
                0x08000258                RCC_GetClocksFreq
 .text.USART_SendData
                0x0800066c       0x24 obj\debug\spl\src\stm32f30x_usart.o
                0x0800066c                USART_SendData
 .text.USART_ITConfig
                0x08000690       0x80 obj\debug\spl\src\stm32f30x_usart.o
                0x08000690                USART_ITConfig
 .text.USART_GetFlagStatus
                0x08000710       0x30 obj\debug\spl\src\stm32f30x_usart.o
                0x08000710                USART_GetFlagStatus
 .text.USART_GetITStatus
                0x08000740       0x9c obj\debug\spl\src\stm32f30x_usart.o
                0x08000740                USART_GetITStatus
 .text.NVIC_EnableIRQ
                0x080007dc       0x30 obj\debug\src\30010_io.o
 .text.uart_get_char
                0x0800080c       0x50 obj\debug\src\30010_io.o
                0x0800080c                uart_get_char
 .text.uart_put_char
                0x0800085c       0x34 obj\debug\src\30010_io.o
                0x0800085c                uart_put_char
 .text._write_r
                0x08000890       0x4c obj\debug\src\30010_io.o
                0x08000890                _write_r
 .text.USART2_IRQHandler
                0x080008dc       0x74 obj\debug\src\30010_io.o
                0x080008dc                USART2_IRQHandler
 .text.uart_clear
                0x08000950       0x2c obj\debug\src\30010_io.o
                0x08000950                uart_clear
 .text.uart_init
                0x0800097c      0x234 obj\debug\src\30010_io.o
                0x0800097c                uart_init
 .text.setWallHitBox
                0x08000bb0       0x8c obj\debug\src\collider.o
                0x08000bb0                setWallHitBox
 .text.checkCollider
                0x08000c3c      0x540 obj\debug\src\collider.o
                0x08000c3c                checkCollider
 .text.objectWallCheck
                0x0800117c       0x68 obj\debug\src\collider.o
                0x0800117c                objectWallCheck
 .text.enemyCollider
                0x080011e4       0xec obj\debug\src\collider.o
                0x080011e4                enemyCollider
 .text.userInput
                0x080012d0      0x180 obj\debug\src\controlsystem.o
                0x080012d0                userInput
 .text.setupBullet
                0x08001450       0x8c obj\debug\src\controlsystem.o
 .text.SetPos   0x080014dc       0x50 obj\debug\src\drawing.o
                0x080014dc                SetPos
 .text.DrawingSetValues
                0x0800152c       0x6c obj\debug\src\drawing.o
                0x0800152c                DrawingSetValues
 .text.gotoxy   0x08001598       0x30 obj\debug\src\drawing.o
                0x08001598                gotoxy
 .text.DrawEverything
                0x080015c8      0x160 obj\debug\src\drawing.o
                0x080015c8                DrawEverything
 .text.drawMovingObjects
                0x08001728      0x4f4 obj\debug\src\drawobjects.o
                0x08001728                drawMovingObjects
 .text.drawEnemy
                0x08001c1c      0x39c obj\debug\src\drawobjects.o
                0x08001c1c                drawEnemy
 .text.upDatePosition
                0x08001fb8      0x2f0 obj\debug\src\enemycontroller.o
                0x08001fb8                upDatePosition
 .text.main     0x080022a8       0x88 obj\debug\src\main.o
                0x080022a8                main
 .text.ConstructWindow
                0x08002330      0x278 obj\debug\src\mainmenu.o
                0x08002330                ConstructWindow
 .text.ConstructTitle
                0x080025a8      0x13c obj\debug\src\mainmenu.o
                0x080025a8                ConstructTitle
 .text.ConstructGoodLuck
                0x080026e4       0x84 obj\debug\src\mainmenu.o
                0x080026e4                ConstructGoodLuck
 .text.ConstructMainMenu
                0x08002768      0x184 obj\debug\src\mainmenu.o
                0x08002768                ConstructMainMenu
 .text.ConstructHowToPlayMenu
                0x080028ec      0x48c obj\debug\src\mainmenu.o
                0x080028ec                ConstructHowToPlayMenu
 .text.ConstructSettingsMenu
                0x08002d78      0x1bc obj\debug\src\mainmenu.o
                0x08002d78                ConstructSettingsMenu
 .text.ConstructSpaceShipMenu
                0x08002f34      0x124 obj\debug\src\mainmenu.o
                0x08002f34                ConstructSpaceShipMenu
 .text.clearscr
                0x08003058       0x18 obj\debug\src\mainmenu.o
                0x08003058                clearscr
 .text.ClearGameScreen
                0x08003070       0xf8 obj\debug\src\mainmenu.o
                0x08003070                ClearGameScreen
 .text.ClearSpaceShipMenu
                0x08003168      0x104 obj\debug\src\mainmenu.o
                0x08003168                ClearSpaceShipMenu
 .text.ClearSubMenu
                0x0800326c       0xfc obj\debug\src\mainmenu.o
                0x0800326c                ClearSubMenu
 .text.ConstructSpaceShip1Arrow
                0x08003368       0x3c obj\debug\src\mainmenu.o
                0x08003368                ConstructSpaceShip1Arrow
 .text.ClearSpaceShip1Arrow
                0x080033a4       0x3c obj\debug\src\mainmenu.o
                0x080033a4                ClearSpaceShip1Arrow
 .text.ConstructSpaceShip2Arrow
                0x080033e0       0x3c obj\debug\src\mainmenu.o
                0x080033e0                ConstructSpaceShip2Arrow
 .text.ClearSpaceShip2Arrow
                0x0800341c       0x3c obj\debug\src\mainmenu.o
                0x0800341c                ClearSpaceShip2Arrow
 .text.ConstructPlayGameArrow
                0x08003458       0x78 obj\debug\src\mainmenu.o
                0x08003458                ConstructPlayGameArrow
 .text.ClearPlayGameArrow
                0x080034d0       0x70 obj\debug\src\mainmenu.o
                0x080034d0                ClearPlayGameArrow
 .text.ConstructHowToPlayArrow
                0x08003540       0x78 obj\debug\src\mainmenu.o
                0x08003540                ConstructHowToPlayArrow
 .text.ClearHowToPlayArrow
                0x080035b8       0x70 obj\debug\src\mainmenu.o
                0x080035b8                ClearHowToPlayArrow
 .text.ConstructSettingsArrow
                0x08003628       0x78 obj\debug\src\mainmenu.o
                0x08003628                ConstructSettingsArrow
 .text.ClearSettingsArrow
                0x080036a0       0x70 obj\debug\src\mainmenu.o
                0x080036a0                ClearSettingsArrow
 .text.ConstructBackArrow
                0x08003710       0x78 obj\debug\src\mainmenu.o
                0x08003710                ConstructBackArrow
 .text.ClearBackArrow
                0x08003788       0x78 obj\debug\src\mainmenu.o
                0x08003788                ClearBackArrow
 .text.ConstructSpaceshipArrow
                0x08003800       0x78 obj\debug\src\mainmenu.o
                0x08003800                ConstructSpaceshipArrow
 .text.ClearSpaceshipArrow
                0x08003878       0x78 obj\debug\src\mainmenu.o
                0x08003878                ClearSpaceshipArrow
 .text.BeginMenuScreen
                0x080038f0       0x28 obj\debug\src\mainmenu.o
                0x080038f0                BeginMenuScreen
 .text.BeginHowToPlayMenu
                0x08003918       0x1c obj\debug\src\mainmenu.o
                0x08003918                BeginHowToPlayMenu
 .text.BeginMainMenu
                0x08003934       0x1c obj\debug\src\mainmenu.o
                0x08003934                BeginMainMenu
 .text.BeginSettingMenu
                0x08003950       0x1c obj\debug\src\mainmenu.o
                0x08003950                BeginSettingMenu
 .text.BeginGame
                0x0800396c       0x20 obj\debug\src\mainmenu.o
                0x0800396c                BeginGame
 .text.LevelManager
                0x0800398c      0x12c obj\debug\src\managelevels.o
                0x0800398c                LevelManager
 .text.firstMapSetup
                0x08003ab8      0x124 obj\debug\src\mappack.o
                0x08003ab8                firstMapSetup
 .text.MenuUserInput
                0x08003bdc      0x33c obj\debug\src\menucontrols.o
                0x08003bdc                MenuUserInput
 .text.ShipSelection
                0x08003f18      0x4f0 obj\debug\src\ships.o
                0x08003f18                ShipSelection
 .text          0x08004408       0xe4 obj\debug\src\startup_stm32f30x.o
                0x08004408                Reset_Handler
                0x0800444e                NMI_Handler
                0x08004450                HardFault_Handler
                0x08004452                MemManage_Handler
                0x08004454                BusFault_Handler
                0x08004456                UsageFault_Handler
                0x08004458                SVC_Handler
                0x0800445a                DebugMon_Handler
                0x0800445c                PendSV_Handler
                0x0800445e                SysTick_Handler
                0x08004460                WWDG_IRQHandler
                0x08004462                PVD_IRQHandler
                0x08004464                TAMPER_STAMP_IRQHandler
                0x08004466                RTC_WKUP_IRQHandler
                0x08004468                FLASH_IRQHandler
                0x0800446a                RCC_IRQHandler
                0x0800446c                EXTI0_IRQHandler
                0x0800446e                EXTI1_IRQHandler
                0x08004470                EXTI2_TS_IRQHandler
                0x08004472                EXTI3_IRQHandler
                0x08004474                EXTI4_IRQHandler
                0x08004476                DMA1_Channel1_IRQHandler
                0x08004478                DMA1_Channel2_IRQHandler
                0x0800447a                DMA1_Channel3_IRQHandler
                0x0800447c                DMA1_Channel4_IRQHandler
                0x0800447e                DMA1_Channel5_IRQHandler
                0x08004480                DMA1_Channel6_IRQHandler
                0x08004482                DMA1_Channel7_IRQHandler
                0x08004484                ADC1_2_IRQHandler
                0x08004486                USB_HP_CAN1_TX_IRQHandler
                0x08004488                USB_LP_CAN1_RX0_IRQHandler
                0x0800448a                CAN1_RX1_IRQHandler
                0x0800448c                CAN1_SCE_IRQHandler
                0x0800448e                EXTI9_5_IRQHandler
                0x08004490                TIM1_BRK_TIM15_IRQHandler
                0x08004492                TIM1_UP_TIM16_IRQHandler
                0x08004494                TIM1_TRG_COM_TIM17_IRQHandler
                0x08004496                TIM1_CC_IRQHandler
                0x0800449a                TIM3_IRQHandler
                0x0800449c                TIM4_IRQHandler
                0x0800449e                I2C1_EV_IRQHandler
                0x080044a0                I2C1_ER_IRQHandler
                0x080044a2                I2C2_EV_IRQHandler
                0x080044a4                I2C2_ER_IRQHandler
                0x080044a6                SPI1_IRQHandler
                0x080044a8                SPI2_IRQHandler
                0x080044aa                USART1_IRQHandler
                0x080044ae                USART3_IRQHandler
                0x080044b0                EXTI15_10_IRQHandler
                0x080044b2                RTC_Alarm_IRQHandler
                0x080044b4                USBWakeUp_IRQHandler
                0x080044b6                TIM8_BRK_IRQHandler
                0x080044b8                TIM8_UP_IRQHandler
                0x080044ba                TIM8_TRG_COM_IRQHandler
                0x080044bc                TIM8_CC_IRQHandler
                0x080044be                ADC3_IRQHandler
                0x080044c0                SPI3_IRQHandler
                0x080044c2                UART4_IRQHandler
                0x080044c4                UART5_IRQHandler
                0x080044c6                TIM6_DAC_IRQHandler
                0x080044c8                TIM7_IRQHandler
                0x080044ca                DMA2_Channel1_IRQHandler
                0x080044cc                DMA2_Channel2_IRQHandler
                0x080044ce                DMA2_Channel3_IRQHandler
                0x080044d0                DMA2_Channel4_IRQHandler
                0x080044d2                DMA2_Channel5_IRQHandler
                0x080044d4                ADC4_IRQHandler
                0x080044d6                COMP1_2_3_IRQHandler
                0x080044d8                COMP4_5_6_IRQHandler
                0x080044da                COMP7_IRQHandler
                0x080044dc                USB_HP_IRQHandler
                0x080044de                USB_LP_IRQHandler
                0x080044e0                USBWakeUp_RMP_IRQHandler
                0x080044e2                FPU_IRQHandler
 .text.SystemInit
                0x080044ec       0x84 obj\debug\src\system_stm32f30x.o
                0x080044ec                SystemInit
 .text.SetSysClock
                0x08004570       0x90 obj\debug\src\system_stm32f30x.o
 .text.NVIC_EnableIRQ
                0x08004600       0x30 obj\debug\src\timer.o
 .text.NVIC_SetPriority
                0x08004630       0x54 obj\debug\src\timer.o
 .text.SetTimer
                0x08004684      0x130 obj\debug\src\timer.o
                0x08004684                SetTimer
 .text.TIM2_IRQHandler
                0x080047b4       0xe8 obj\debug\src\timer.o
                0x080047b4                TIM2_IRQHandler
 .text.initStructs
                0x0800489c       0x50 obj\debug\src\update.o
                0x0800489c                initStructs
 .text.initEverythingFirstTime
                0x080048ec      0x1d8 obj\debug\src\update.o
 .text.upDateFunction
                0x08004ac4      0x264 obj\debug\src\update.o
 .text.exit     0x08004d28       0x28 c:/program files (x86)/embitz/1.11/share/em_armgcc/bin/../lib/gcc/arm-none-eabi/5.4.1/../../../../arm-none-eabi/lib/armv7e-m\libg_n.a(lib_a-exit.o)
                0x08004d28                exit
 .text.__libc_init_array
                0x08004d50       0x4c c:/program files (x86)/embitz/1.11/share/em_armgcc/bin/../lib/gcc/arm-none-eabi/5.4.1/../../../../arm-none-eabi/lib/armv7e-m\libg_n.a(lib_a-init.o)
                0x08004d50                __libc_init_array
 .text.malloc   0x08004d9c       0x10 c:/program files (x86)/embitz/1.11/share/em_armgcc/bin/../lib/gcc/arm-none-eabi/5.4.1/../../../../arm-none-eabi/lib/armv7e-m\libg_n.a(lib_a-malloc.o)
                0x08004d9c                malloc
 .text.free     0x08004dac       0x10 c:/program files (x86)/embitz/1.11/share/em_armgcc/bin/../lib/gcc/arm-none-eabi/5.4.1/../../../../arm-none-eabi/lib/armv7e-m\libg_n.a(lib_a-malloc.o)
                0x08004dac                free
 .text.memcpy   0x08004dbc       0x16 c:/program files (x86)/embitz/1.11/share/em_armgcc/bin/../lib/gcc/arm-none-eabi/5.4.1/../../../../arm-none-eabi/lib/armv7e-m\libg_n.a(lib_a-memcpy-stub.o)
                0x08004dbc                memcpy
 .text.memset   0x08004dd2       0x10 c:/program files (x86)/embitz/1.11/share/em_armgcc/bin/../lib/gcc/arm-none-eabi/5.4.1/../../../../arm-none-eabi/lib/armv7e-m\libg_n.a(lib_a-memset.o)
                0x08004dd2                memset
 *fill*         0x08004de2        0x2 
 .text._free_r  0x08004de4       0x9c c:/program files (x86)/embitz/1.11/share/em_armgcc/bin/../lib/gcc/arm-none-eabi/5.4.1/../../../../arm-none-eabi/lib/armv7e-m\libg_n.a(lib_a-nano-freer.o)
                0x08004de4                _free_r
 .text._malloc_r
                0x08004e80       0xbc c:/program files (x86)/embitz/1.11/share/em_armgcc/bin/../lib/gcc/arm-none-eabi/5.4.1/../../../../arm-none-eabi/lib/armv7e-m\libg_n.a(lib_a-nano-mallocr.o)
                0x08004e80                _malloc_r
 .text.printf   0x08004f3c       0x30 c:/program files (x86)/embitz/1.11/share/em_armgcc/bin/../lib/gcc/arm-none-eabi/5.4.1/../../../../arm-none-eabi/lib/armv7e-m\libg_n.a(lib_a-printf.o)
                0x08004f3c                iprintf
                0x08004f3c                printf
 .text.putchar  0x08004f6c       0x28 c:/program files (x86)/embitz/1.11/share/em_armgcc/bin/../lib/gcc/arm-none-eabi/5.4.1/../../../../arm-none-eabi/lib/armv7e-m\libg_n.a(lib_a-putchar.o)
                0x08004f6c                putchar
 .text._puts_r  0x08004f94       0xb4 c:/program files (x86)/embitz/1.11/share/em_armgcc/bin/../lib/gcc/arm-none-eabi/5.4.1/../../../../arm-none-eabi/lib/armv7e-m\libg_n.a(lib_a-puts.o)
                0x08004f94                _puts_r
 .text.puts     0x08005048       0x10 c:/program files (x86)/embitz/1.11/share/em_armgcc/bin/../lib/gcc/arm-none-eabi/5.4.1/../../../../arm-none-eabi/lib/armv7e-m\libg_n.a(lib_a-puts.o)
                0x08005048                puts
 .text._sbrk_r  0x08005058       0x20 c:/program files (x86)/embitz/1.11/share/em_armgcc/bin/../lib/gcc/arm-none-eabi/5.4.1/../../../../arm-none-eabi/lib/armv7e-m\libg_n.a(lib_a-sbrkr.o)
                0x08005058                _sbrk_r
 .text.setbuf   0x08005078       0x10 c:/program files (x86)/embitz/1.11/share/em_armgcc/bin/../lib/gcc/arm-none-eabi/5.4.1/../../../../arm-none-eabi/lib/armv7e-m\libg_n.a(lib_a-setbuf.o)
                0x08005078                setbuf
 .text.setvbuf  0x08005088      0x154 c:/program files (x86)/embitz/1.11/share/em_armgcc/bin/../lib/gcc/arm-none-eabi/5.4.1/../../../../arm-none-eabi/lib/armv7e-m\libg_n.a(lib_a-setvbuf.o)
                0x08005088                setvbuf
 .text.__swbuf_r
                0x080051dc       0xa8 c:/program files (x86)/embitz/1.11/share/em_armgcc/bin/../lib/gcc/arm-none-eabi/5.4.1/../../../../arm-none-eabi/lib/armv7e-m\libg_n.a(lib_a-wbuf.o)
                0x080051dc                __swbuf_r
 .text.__swsetup_r
                0x08005284       0xdc c:/program files (x86)/embitz/1.11/share/em_armgcc/bin/../lib/gcc/arm-none-eabi/5.4.1/../../../../arm-none-eabi/lib/armv7e-m\libg_n.a(lib_a-wsetup.o)
                0x08005284                __swsetup_r
 .text.__sflush_r
                0x08005360      0x110 c:/program files (x86)/embitz/1.11/share/em_armgcc/bin/../lib/gcc/arm-none-eabi/5.4.1/../../../../arm-none-eabi/lib/armv7e-m\libg_n.a(lib_a-fflush.o)
                0x08005360                __sflush_r
 .text._fflush_r
                0x08005470       0x54 c:/program files (x86)/embitz/1.11/share/em_armgcc/bin/../lib/gcc/arm-none-eabi/5.4.1/../../../../arm-none-eabi/lib/armv7e-m\libg_n.a(lib_a-fflush.o)
                0x08005470                _fflush_r
 .text._cleanup_r
                0x080054c4        0xc c:/program files (x86)/embitz/1.11/share/em_armgcc/bin/../lib/gcc/arm-none-eabi/5.4.1/../../../../arm-none-eabi/lib/armv7e-m\libg_n.a(lib_a-findfp.o)
                0x080054c4                _cleanup_r
 .text.std.isra.0
                0x080054d0       0x48 c:/program files (x86)/embitz/1.11/share/em_armgcc/bin/../lib/gcc/arm-none-eabi/5.4.1/../../../../arm-none-eabi/lib/armv7e-m\libg_n.a(lib_a-findfp.o)
 .text.__sfmoreglue
                0x08005518       0x2c c:/program files (x86)/embitz/1.11/share/em_armgcc/bin/../lib/gcc/arm-none-eabi/5.4.1/../../../../arm-none-eabi/lib/armv7e-m\libg_n.a(lib_a-findfp.o)
                0x08005518                __sfmoreglue
 .text.__sinit  0x08005544       0x60 c:/program files (x86)/embitz/1.11/share/em_armgcc/bin/../lib/gcc/arm-none-eabi/5.4.1/../../../../arm-none-eabi/lib/armv7e-m\libg_n.a(lib_a-findfp.o)
                0x08005544                __sinit
 .text.__sfp    0x080055a4       0x78 c:/program files (x86)/embitz/1.11/share/em_armgcc/bin/../lib/gcc/arm-none-eabi/5.4.1/../../../../arm-none-eabi/lib/armv7e-m\libg_n.a(lib_a-findfp.o)
                0x080055a4                __sfp
 .text._fwalk_reent
                0x0800561c       0x3c c:/program files (x86)/embitz/1.11/share/em_armgcc/bin/../lib/gcc/arm-none-eabi/5.4.1/../../../../arm-none-eabi/lib/armv7e-m\libg_n.a(lib_a-fwalk.o)
                0x0800561c                _fwalk_reent
 .text.__swhatbuf_r
                0x08005658       0x46 c:/program files (x86)/embitz/1.11/share/em_armgcc/bin/../lib/gcc/arm-none-eabi/5.4.1/../../../../arm-none-eabi/lib/armv7e-m\libg_n.a(lib_a-makebuf.o)
                0x08005658                __swhatbuf_r
 *fill*         0x0800569e        0x2 
 .text.__smakebuf_r
                0x080056a0       0x78 c:/program files (x86)/embitz/1.11/share/em_armgcc/bin/../lib/gcc/arm-none-eabi/5.4.1/../../../../arm-none-eabi/lib/armv7e-m\libg_n.a(lib_a-makebuf.o)
                0x080056a0                __smakebuf_r
 .text.__malloc_lock
                0x08005718        0x2 c:/program files (x86)/embitz/1.11/share/em_armgcc/bin/../lib/gcc/arm-none-eabi/5.4.1/../../../../arm-none-eabi/lib/armv7e-m\libg_n.a(lib_a-mlock.o)
                0x08005718                __malloc_lock
 .text.__malloc_unlock
                0x0800571a        0x2 c:/program files (x86)/embitz/1.11/share/em_armgcc/bin/../lib/gcc/arm-none-eabi/5.4.1/../../../../arm-none-eabi/lib/armv7e-m\libg_n.a(lib_a-mlock.o)
                0x0800571a                __malloc_unlock
 .text.__sfputc_r
                0x0800571c       0x2c c:/program files (x86)/embitz/1.11/share/em_armgcc/bin/../lib/gcc/arm-none-eabi/5.4.1/../../../../arm-none-eabi/lib/armv7e-m\libg_n.a(lib_a-nano-vfprintf.o)
 .text.__sfputs_r
                0x08005748       0x24 c:/program files (x86)/embitz/1.11/share/em_armgcc/bin/../lib/gcc/arm-none-eabi/5.4.1/../../../../arm-none-eabi/lib/armv7e-m\libg_n.a(lib_a-nano-vfprintf.o)
                0x08005748                __sfputs_r
 .text._vfprintf_r
                0x0800576c      0x238 c:/program files (x86)/embitz/1.11/share/em_armgcc/bin/../lib/gcc/arm-none-eabi/5.4.1/../../../../arm-none-eabi/lib/armv7e-m\libg_n.a(lib_a-nano-vfprintf.o)
                0x0800576c                _vfprintf_r
                0x0800576c                _vfiprintf_r
 .text._printf_common
                0x080059a4       0xec c:/program files (x86)/embitz/1.11/share/em_armgcc/bin/../lib/gcc/arm-none-eabi/5.4.1/../../../../arm-none-eabi/lib/armv7e-m\libg_n.a(lib_a-nano-vfprintf_i.o)
                0x080059a4                _printf_common
 .text._printf_i
                0x08005a90      0x24c c:/program files (x86)/embitz/1.11/share/em_armgcc/bin/../lib/gcc/arm-none-eabi/5.4.1/../../../../arm-none-eabi/lib/armv7e-m\libg_n.a(lib_a-nano-vfprintf_i.o)
                0x08005a90                _printf_i
 .text._putc_r  0x08005cdc       0x6c c:/program files (x86)/embitz/1.11/share/em_armgcc/bin/../lib/gcc/arm-none-eabi/5.4.1/../../../../arm-none-eabi/lib/armv7e-m\libg_n.a(lib_a-putc.o)
                0x08005cdc                _putc_r
 .text.__sread  0x08005d48       0x22 c:/program files (x86)/embitz/1.11/share/em_armgcc/bin/../lib/gcc/arm-none-eabi/5.4.1/../../../../arm-none-eabi/lib/armv7e-m\libg_n.a(lib_a-stdio.o)
                0x08005d48                __sread
 .text.__swrite
                0x08005d6a       0x38 c:/program files (x86)/embitz/1.11/share/em_armgcc/bin/../lib/gcc/arm-none-eabi/5.4.1/../../../../arm-none-eabi/lib/armv7e-m\libg_n.a(lib_a-stdio.o)
                0x08005d6a                __swrite
 .text.__sseek  0x08005da2       0x24 c:/program files (x86)/embitz/1.11/share/em_armgcc/bin/../lib/gcc/arm-none-eabi/5.4.1/../../../../arm-none-eabi/lib/armv7e-m\libg_n.a(lib_a-stdio.o)
                0x08005da2                __sseek
 .text.__sclose
                0x08005dc6        0x8 c:/program files (x86)/embitz/1.11/share/em_armgcc/bin/../lib/gcc/arm-none-eabi/5.4.1/../../../../arm-none-eabi/lib/armv7e-m\libg_n.a(lib_a-stdio.o)
                0x08005dc6                __sclose
 *fill*         0x08005dce        0x2 
 .text._close_r
                0x08005dd0       0x20 c:/program files (x86)/embitz/1.11/share/em_armgcc/bin/../lib/gcc/arm-none-eabi/5.4.1/../../../../arm-none-eabi/lib/armv7e-m\libg_n.a(lib_a-closer.o)
                0x08005dd0                _close_r
 .text._fstat_r
                0x08005df0       0x24 c:/program files (x86)/embitz/1.11/share/em_armgcc/bin/../lib/gcc/arm-none-eabi/5.4.1/../../../../arm-none-eabi/lib/armv7e-m\libg_n.a(lib_a-fstatr.o)
                0x08005df0                _fstat_r
 .text._isatty_r
                0x08005e14       0x20 c:/program files (x86)/embitz/1.11/share/em_armgcc/bin/../lib/gcc/arm-none-eabi/5.4.1/../../../../arm-none-eabi/lib/armv7e-m\libg_n.a(lib_a-isattyr.o)
                0x08005e14                _isatty_r
 .text._lseek_r
                0x08005e34       0x24 c:/program files (x86)/embitz/1.11/share/em_armgcc/bin/../lib/gcc/arm-none-eabi/5.4.1/../../../../arm-none-eabi/lib/armv7e-m\libg_n.a(lib_a-lseekr.o)
                0x08005e34                _lseek_r
 *fill*         0x08005e58        0x8 
 .text          0x08005e60       0xa0 c:/program files (x86)/embitz/1.11/share/em_armgcc/bin/../lib/gcc/arm-none-eabi/5.4.1/../../../../arm-none-eabi/lib/armv7e-m\libg_n.a(lib_a-memchr.o)
                0x08005e60                memchr
 .text._read_r  0x08005f00       0x24 c:/program files (x86)/embitz/1.11/share/em_armgcc/bin/../lib/gcc/arm-none-eabi/5.4.1/../../../../arm-none-eabi/lib/armv7e-m\libg_n.a(lib_a-readr.o)
                0x08005f00                _read_r
 .text._close   0x08005f24       0x10 c:/program files (x86)/embitz/1.11/share/em_armgcc/bin/../lib/gcc/arm-none-eabi/5.4.1/../../../../arm-none-eabi/lib/armv7e-m\libnosys_s.a(close.o)
                0x08005f24                _close
 .text._fstat   0x08005f34       0x10 c:/program files (x86)/embitz/1.11/share/em_armgcc/bin/../lib/gcc/arm-none-eabi/5.4.1/../../../../arm-none-eabi/lib/armv7e-m\libnosys_s.a(fstat.o)
                0x08005f34                _fstat
 .text._isatty  0x08005f44       0x10 c:/program files (x86)/embitz/1.11/share/em_armgcc/bin/../lib/gcc/arm-none-eabi/5.4.1/../../../../arm-none-eabi/lib/armv7e-m\libnosys_s.a(isatty.o)
                0x08005f44                _isatty
 .text._lseek   0x08005f54       0x10 c:/program files (x86)/embitz/1.11/share/em_armgcc/bin/../lib/gcc/arm-none-eabi/5.4.1/../../../../arm-none-eabi/lib/armv7e-m\libnosys_s.a(lseek.o)
                0x08005f54                _lseek
 .text._read    0x08005f64       0x10 c:/program files (x86)/embitz/1.11/share/em_armgcc/bin/../lib/gcc/arm-none-eabi/5.4.1/../../../../arm-none-eabi/lib/armv7e-m\libnosys_s.a(read.o)
                0x08005f64                _read
 .text._sbrk    0x08005f74       0x1c c:/program files (x86)/embitz/1.11/share/em_armgcc/bin/../lib/gcc/arm-none-eabi/5.4.1/../../../../arm-none-eabi/lib/armv7e-m\libnosys_s.a(sbrk.o)
                0x08005f74                _sbrk
 .text._exit    0x08005f90        0x2 c:/program files (x86)/embitz/1.11/share/em_armgcc/bin/../lib/gcc/arm-none-eabi/5.4.1/../../../../arm-none-eabi/lib/armv7e-m\libnosys_s.a(_exit.o)
                0x08005f90                _exit
 *(.init)
 *fill*         0x08005f92        0x2 
 .init          0x08005f94        0x4 c:/program files (x86)/embitz/1.11/share/em_armgcc/bin/../lib/gcc/arm-none-eabi/5.4.1/armv7e-m/crti.o
                0x08005f94                _init
 .init          0x08005f98        0x8 c:/program files (x86)/embitz/1.11/share/em_armgcc/bin/../lib/gcc/arm-none-eabi/5.4.1/armv7e-m/crtn.o
 *(.fini)
 .fini          0x08005fa0        0x4 c:/program files (x86)/embitz/1.11/share/em_armgcc/bin/../lib/gcc/arm-none-eabi/5.4.1/armv7e-m/crti.o
                0x08005fa0                _fini
 .fini          0x08005fa4        0x8 c:/program files (x86)/embitz/1.11/share/em_armgcc/bin/../lib/gcc/arm-none-eabi/5.4.1/armv7e-m/crtn.o
 *crtbegin.o(.ctors)
 *crtbegin?.o(.ctors)
 *(EXCLUDE_FILE(*crtend.o *crtend?.o) .ctors)
 *(SORT(.ctors.*))
 *(.ctors)
 *crtbegin.o(.dtors)
 *crtbegin?.o(.dtors)
 *(EXCLUDE_FILE(*crtend.o *crtend?.o) .dtors)
 *(SORT(.dtors.*))
 *(.dtors)
 *(.rodata*)
 .rodata        0x08005fac        0xb obj\debug\src\drawing.o
 *fill*         0x08005fb7        0x1 
 .rodata        0x08005fb8       0x1e obj\debug\src\enemycontroller.o
 *fill*         0x08005fd6        0x2 
 .rodata        0x08005fd8        0x8 obj\debug\src\main.o
 .rodata        0x08005fe0     0x1da8 obj\debug\src\mainmenu.o
 .rodata        0x08007d88       0x2e obj\debug\src\managelevels.o
 *fill*         0x08007db6        0x2 
 .rodata        0x08007db8      0x3ac obj\debug\src\mappack.o
 .rodata        0x08008164       0x15 obj\debug\src\update.o
 .rodata.str1.1
                0x08008179        0x2 c:/program files (x86)/embitz/1.11/share/em_armgcc/bin/../lib/gcc/arm-none-eabi/5.4.1/../../../../arm-none-eabi/lib/armv7e-m\libg_n.a(lib_a-impure.o)
 *fill*         0x0800817b        0x1 
 .rodata._global_impure_ptr
                0x0800817c        0x4 c:/program files (x86)/embitz/1.11/share/em_armgcc/bin/../lib/gcc/arm-none-eabi/5.4.1/../../../../arm-none-eabi/lib/armv7e-m\libg_n.a(lib_a-impure.o)
                0x0800817c                _global_impure_ptr
 .rodata.__sf_fake_stdin
                0x08008180       0x20 c:/program files (x86)/embitz/1.11/share/em_armgcc/bin/../lib/gcc/arm-none-eabi/5.4.1/../../../../arm-none-eabi/lib/armv7e-m\libg_n.a(lib_a-findfp.o)
                0x08008180                __sf_fake_stdin
 .rodata.__sf_fake_stdout
                0x080081a0       0x20 c:/program files (x86)/embitz/1.11/share/em_armgcc/bin/../lib/gcc/arm-none-eabi/5.4.1/../../../../arm-none-eabi/lib/armv7e-m\libg_n.a(lib_a-findfp.o)
                0x080081a0                __sf_fake_stdout
 .rodata.__sf_fake_stderr
                0x080081c0       0x20 c:/program files (x86)/embitz/1.11/share/em_armgcc/bin/../lib/gcc/arm-none-eabi/5.4.1/../../../../arm-none-eabi/lib/armv7e-m\libg_n.a(lib_a-findfp.o)
                0x080081c0                __sf_fake_stderr
 .rodata.str1.1
                0x080081e0       0x11 c:/program files (x86)/embitz/1.11/share/em_armgcc/bin/../lib/gcc/arm-none-eabi/5.4.1/../../../../arm-none-eabi/lib/armv7e-m\libg_n.a(lib_a-nano-vfprintf.o)
 .rodata.str1.1
                0x080081f1       0x22 c:/program files (x86)/embitz/1.11/share/em_armgcc/bin/../lib/gcc/arm-none-eabi/5.4.1/../../../../arm-none-eabi/lib/armv7e-m\libg_n.a(lib_a-nano-vfprintf_i.o)
 *(.eh_frame*)
 *fill*         0x08008213        0x1 
 .eh_frame      0x08008214        0x0 c:/program files (x86)/embitz/1.11/share/em_armgcc/bin/../lib/gcc/arm-none-eabi/5.4.1/armv7e-m/crtbegin.o
 .eh_frame      0x08008214        0x4 c:/program files (x86)/embitz/1.11/share/em_armgcc/bin/../lib/gcc/arm-none-eabi/5.4.1/armv7e-m/crtend.o

.glue_7         0x08008218        0x0
 .glue_7        0x08008218        0x0 linker stubs

.glue_7t        0x08008218        0x0
 .glue_7t       0x08008218        0x0 linker stubs

.vfp11_veneer   0x08008218        0x0
 .vfp11_veneer  0x08008218        0x0 linker stubs

.v4_bx          0x08008218        0x0
 .v4_bx         0x08008218        0x0 linker stubs

.iplt           0x08008218        0x0
 .iplt          0x08008218        0x0 c:/program files (x86)/embitz/1.11/share/em_armgcc/bin/../lib/gcc/arm-none-eabi/5.4.1/armv7e-m/crtbegin.o

.ARM.extab
 *(.ARM.extab* .gnu.linkonce.armextab.*)
                0x08008218                __exidx_start = .

.ARM.exidx      0x08008218        0x8
 *(.ARM.exidx* .gnu.linkonce.armexidx.*)
 .ARM.exidx     0x08008218        0x8 c:/program files (x86)/embitz/1.11/share/em_armgcc/bin/../lib/gcc/arm-none-eabi/5.4.1/../../../../arm-none-eabi/lib/armv7e-m/crt0.o
                0x08008220                __exidx_end = .
                0x08008220                __etext = .

.rel.dyn        0x08008220        0x0
 .rel.iplt      0x08008220        0x0 c:/program files (x86)/embitz/1.11/share/em_armgcc/bin/../lib/gcc/arm-none-eabi/5.4.1/armv7e-m/crtbegin.o

.data           0x20000000       0x98 load address 0x08008220
                0x20000000                __data_start__ = .
 *(vtable)
 *(.data*)
 .data.APBAHBPrescTable
                0x20000000       0x10 obj\debug\spl\src\stm32f30x_rcc.o
 .data.ADCPrescTable
                0x20000010       0x1a obj\debug\spl\src\stm32f30x_rcc.o
 .data.currentPos.5647
                0x2000002a        0x2 obj\debug\src\drawing.o
 .data.impure_data
                0x2000002c       0x60 c:/program files (x86)/embitz/1.11/share/em_armgcc/bin/../lib/gcc/arm-none-eabi/5.4.1/../../../../arm-none-eabi/lib/armv7e-m\libg_n.a(lib_a-impure.o)
 .data._impure_ptr
                0x2000008c        0x4 c:/program files (x86)/embitz/1.11/share/em_armgcc/bin/../lib/gcc/arm-none-eabi/5.4.1/../../../../arm-none-eabi/lib/armv7e-m\libg_n.a(lib_a-impure.o)
                0x2000008c                _impure_ptr
                0x20000090                . = ALIGN (0x4)
                0x20000090                PROVIDE (__preinit_array_start, .)
 *(.preinit_array)
                0x20000090                PROVIDE (__preinit_array_end, .)
                0x20000090                . = ALIGN (0x4)
                0x20000090                PROVIDE (__init_array_start, .)
 *(SORT(.init_array.*))
 *(.init_array)
 .init_array    0x20000090        0x4 c:/program files (x86)/embitz/1.11/share/em_armgcc/bin/../lib/gcc/arm-none-eabi/5.4.1/armv7e-m/crtbegin.o
                0x20000094                PROVIDE (__init_array_end, .)
                0x20000094                . = ALIGN (0x4)
                [!provide]                PROVIDE (__fini_array_start, .)
 *(SORT(.fini_array.*))
 *(.fini_array)
 .fini_array    0x20000094        0x4 c:/program files (x86)/embitz/1.11/share/em_armgcc/bin/../lib/gcc/arm-none-eabi/5.4.1/armv7e-m/crtbegin.o
                [!provide]                PROVIDE (__fini_array_end, .)
                0x20000098                . = ALIGN (0x4)
                0x20000098                __data_end__ = .

.jcr            0x20000098        0x0 load address 0x080082b8
 .jcr           0x20000098        0x0 c:/program files (x86)/embitz/1.11/share/em_armgcc/bin/../lib/gcc/arm-none-eabi/5.4.1/armv7e-m/crtbegin.o

.igot.plt       0x20000098        0x0 load address 0x080082b8
 .igot.plt      0x20000098        0x0 c:/program files (x86)/embitz/1.11/share/em_armgcc/bin/../lib/gcc/arm-none-eabi/5.4.1/armv7e-m/crtbegin.o

.bss            0x20000098      0x848 load address 0x080082b8
                0x20000098                __bss_start__ = .
 *(.bss*)
 .bss           0x20000098       0x1c c:/program files (x86)/embitz/1.11/share/em_armgcc/bin/../lib/gcc/arm-none-eabi/5.4.1/armv7e-m/crtbegin.o
 .bss.UART_BUFFER
                0x200000b4      0x100 obj\debug\src\30010_io.o
                0x200000b4                UART_BUFFER
 .bss.UART_END_IDX
                0x200001b4        0x1 obj\debug\src\30010_io.o
                0x200001b4                UART_END_IDX
 .bss.UART_START_IDX
                0x200001b5        0x1 obj\debug\src\30010_io.o
                0x200001b5                UART_START_IDX
 .bss.UART_COUNT
                0x200001b6        0x1 obj\debug\src\30010_io.o
                0x200001b6                UART_COUNT
 *fill*         0x200001b7        0x1 
 .bss.xPosStart
                0x200001b8      0x258 obj\debug\src\collider.o
 .bss.yPosStart
                0x20000410      0x12c obj\debug\src\collider.o
 .bss.xPosSlut  0x2000053c      0x258 obj\debug\src\collider.o
 .bss.yPosSlut  0x20000794      0x12c obj\debug\src\collider.o
 .bss.sizeOfArrays
                0x200008c0        0x2 obj\debug\src\collider.o
 *fill*         0x200008c2        0x2 
 .bss.__malloc_sbrk_start
                0x200008c4        0x4 c:/program files (x86)/embitz/1.11/share/em_armgcc/bin/../lib/gcc/arm-none-eabi/5.4.1/../../../../arm-none-eabi/lib/armv7e-m\libg_n.a(lib_a-nano-mallocr.o)
                0x200008c4                __malloc_sbrk_start
 .bss.__malloc_free_list
                0x200008c8        0x4 c:/program files (x86)/embitz/1.11/share/em_armgcc/bin/../lib/gcc/arm-none-eabi/5.4.1/../../../../arm-none-eabi/lib/armv7e-m\libg_n.a(lib_a-nano-mallocr.o)
                0x200008c8                __malloc_free_list
 .bss.heap_end.4167
                0x200008cc        0x4 c:/program files (x86)/embitz/1.11/share/em_armgcc/bin/../lib/gcc/arm-none-eabi/5.4.1/../../../../arm-none-eabi/lib/armv7e-m\libnosys_s.a(sbrk.o)
 *(COMMON)
 COMMON         0x200008d0        0xa obj\debug\src\main.o
                0x200008d0                counter
 *fill*         0x200008da        0x2 
 COMMON         0x200008dc        0x4 c:/program files (x86)/embitz/1.11/share/em_armgcc/bin/../lib/gcc/arm-none-eabi/5.4.1/../../../../arm-none-eabi/lib/armv7e-m\libg_n.a(lib_a-reent.o)
                0x200008dc                errno
                0x200008e0                __bss_end__ = .

.heap           0x200008e0        0x0
                0x200008e0                __end__ = .
                0x200008e0                end = __end__
 *(.heap*)
 .heap          0x200008e0        0x0 obj\debug\src\startup_stm32f30x.o
                0x200008e0                __HeapLimit = .

.stack_dummy    0x200008e0      0x100
 *(.stack)
 .stack         0x200008e0      0x100 obj\debug\src\startup_stm32f30x.o
                0x20004000                __StackTop = (ORIGIN (RAM) + LENGTH (RAM))
                0x20003f00                __StackLimit = (__StackTop - SIZEOF (.stack_dummy))
                0x20004000                PROVIDE (__stack, __StackTop)
                0x00000001                ASSERT ((__StackLimit >= __HeapLimit), region RAM overflowed with stack)
LOAD obj\debug\spl\src\stm32f30x_adc.o
LOAD obj\debug\spl\src\stm32f30x_can.o
LOAD obj\debug\spl\src\stm32f30x_comp.o
LOAD obj\debug\spl\src\stm32f30x_crc.o
LOAD obj\debug\spl\src\stm32f30x_dac.o
LOAD obj\debug\spl\src\stm32f30x_dbgmcu.o
LOAD obj\debug\spl\src\stm32f30x_dma.o
LOAD obj\debug\spl\src\stm32f30x_exti.o
LOAD obj\debug\spl\src\stm32f30x_flash.o
LOAD obj\debug\spl\src\stm32f30x_gpio.o
LOAD obj\debug\spl\src\stm32f30x_i2c.o
LOAD obj\debug\spl\src\stm32f30x_iwdg.o
LOAD obj\debug\spl\src\stm32f30x_misc.o
LOAD obj\debug\spl\src\stm32f30x_opamp.o
LOAD obj\debug\spl\src\stm32f30x_pwr.o
LOAD obj\debug\spl\src\stm32f30x_rcc.o
LOAD obj\debug\spl\src\stm32f30x_rtc.o
LOAD obj\debug\spl\src\stm32f30x_spi.o
LOAD obj\debug\spl\src\stm32f30x_syscfg.o
LOAD obj\debug\spl\src\stm32f30x_tim.o
LOAD obj\debug\spl\src\stm32f30x_usart.o
LOAD obj\debug\spl\src\stm32f30x_wwdg.o
LOAD obj\debug\src\30010_io.o
LOAD obj\debug\src\collider.o
LOAD obj\debug\src\controlsystem.o
LOAD obj\debug\src\drawing.o
LOAD obj\debug\src\drawobjects.o
LOAD obj\debug\src\enemycontroller.o
LOAD obj\debug\src\main.o
LOAD obj\debug\src\mainmenu.o
LOAD obj\debug\src\managelevels.o
LOAD obj\debug\src\mappack.o
LOAD obj\debug\src\menucontrols.o
LOAD obj\debug\src\ships.o
LOAD obj\debug\src\startup_stm32f30x.o
LOAD obj\debug\src\system_stm32f30x.o
LOAD obj\debug\src\timer.o
LOAD obj\debug\src\update.o
START GROUP
LOAD c:/program files (x86)/embitz/1.11/share/em_armgcc/bin/../lib/gcc/arm-none-eabi/5.4.1/armv7e-m\libgcc.a
LOAD c:/program files (x86)/embitz/1.11/share/em_armgcc/bin/../lib/gcc/arm-none-eabi/5.4.1/../../../../arm-none-eabi/lib/armv7e-m\libg_n.a
LOAD c:/program files (x86)/embitz/1.11/share/em_armgcc/bin/../lib/gcc/arm-none-eabi/5.4.1/../../../../arm-none-eabi/lib/armv7e-m\libc_n.a
END GROUP
START GROUP
LOAD c:/program files (x86)/embitz/1.11/share/em_armgcc/bin/../lib/gcc/arm-none-eabi/5.4.1/armv7e-m\libgcc.a
LOAD c:/program files (x86)/embitz/1.11/share/em_armgcc/bin/../lib/gcc/arm-none-eabi/5.4.1/../../../../arm-none-eabi/lib/armv7e-m\libc_n.a
LOAD c:/program files (x86)/embitz/1.11/share/em_armgcc/bin/../lib/gcc/arm-none-eabi/5.4.1/../../../../arm-none-eabi/lib/armv7e-m\libnosys_s.a
END GROUP
LOAD c:/program files (x86)/embitz/1.11/share/em_armgcc/bin/../lib/gcc/arm-none-eabi/5.4.1/armv7e-m/crtend.o
LOAD c:/program files (x86)/embitz/1.11/share/em_armgcc/bin/../lib/gcc/arm-none-eabi/5.4.1/armv7e-m/crtn.o
OUTPUT(bin\Debug\HelloWorld.elf elf32-littlearm)

.ARM.attributes
                0x00000000       0x2a
 .ARM.attributes
                0x00000000       0x1e c:/program files (x86)/embitz/1.11/share/em_armgcc/bin/../lib/gcc/arm-none-eabi/5.4.1/armv7e-m/crti.o
 .ARM.attributes
                0x0000001e       0x2e c:/program files (x86)/embitz/1.11/share/em_armgcc/bin/../lib/gcc/arm-none-eabi/5.4.1/armv7e-m/crtbegin.o
 .ARM.attributes
                0x0000004c       0x1c c:/program files (x86)/embitz/1.11/share/em_armgcc/bin/../lib/gcc/arm-none-eabi/5.4.1/../../../../arm-none-eabi/lib/armv7e-m/crt0.o
 .ARM.attributes
                0x00000068       0x33 obj\debug\spl\src\stm32f30x_rcc.o
 .ARM.attributes
                0x0000009b       0x33 obj\debug\spl\src\stm32f30x_usart.o
 .ARM.attributes
                0x000000ce       0x33 obj\debug\src\30010_io.o
 .ARM.attributes
                0x00000101       0x33 obj\debug\src\collider.o
 .ARM.attributes
                0x00000134       0x33 obj\debug\src\controlsystem.o
 .ARM.attributes
                0x00000167       0x33 obj\debug\src\drawing.o
 .ARM.attributes
                0x0000019a       0x33 obj\debug\src\drawobjects.o
 .ARM.attributes
                0x000001cd       0x33 obj\debug\src\enemycontroller.o
 .ARM.attributes
                0x00000200       0x33 obj\debug\src\main.o
 .ARM.attributes
                0x00000233       0x33 obj\debug\src\mainmenu.o
 .ARM.attributes
                0x00000266       0x33 obj\debug\src\managelevels.o
 .ARM.attributes
                0x00000299       0x33 obj\debug\src\mappack.o
 .ARM.attributes
                0x000002cc       0x33 obj\debug\src\menucontrols.o
 .ARM.attributes
                0x000002ff       0x33 obj\debug\src\ships.o
 .ARM.attributes
                0x00000332       0x1b obj\debug\src\startup_stm32f30x.o
 .ARM.attributes
                0x0000034d       0x33 obj\debug\src\system_stm32f30x.o
 .ARM.attributes
                0x00000380       0x33 obj\debug\src\timer.o
 .ARM.attributes
                0x000003b3       0x33 obj\debug\src\update.o
 .ARM.attributes
                0x000003e6       0x2e c:/program files (x86)/embitz/1.11/share/em_armgcc/bin/../lib/gcc/arm-none-eabi/5.4.1/../../../../arm-none-eabi/lib/armv7e-m\libg_n.a(lib_a-exit.o)
 .ARM.attributes
                0x00000414       0x2e c:/program files (x86)/embitz/1.11/share/em_armgcc/bin/../lib/gcc/arm-none-eabi/5.4.1/../../../../arm-none-eabi/lib/armv7e-m\libg_n.a(lib_a-impure.o)
 .ARM.attributes
                0x00000442       0x2e c:/program files (x86)/embitz/1.11/share/em_armgcc/bin/../lib/gcc/arm-none-eabi/5.4.1/../../../../arm-none-eabi/lib/armv7e-m\libg_n.a(lib_a-init.o)
 .ARM.attributes
                0x00000470       0x2e c:/program files (x86)/embitz/1.11/share/em_armgcc/bin/../lib/gcc/arm-none-eabi/5.4.1/../../../../arm-none-eabi/lib/armv7e-m\libg_n.a(lib_a-malloc.o)
 .ARM.attributes
                0x0000049e       0x2e c:/program files (x86)/embitz/1.11/share/em_armgcc/bin/../lib/gcc/arm-none-eabi/5.4.1/../../../../arm-none-eabi/lib/armv7e-m\libg_n.a(lib_a-memcpy-stub.o)
 .ARM.attributes
                0x000004cc       0x2e c:/program files (x86)/embitz/1.11/share/em_armgcc/bin/../lib/gcc/arm-none-eabi/5.4.1/../../../../arm-none-eabi/lib/armv7e-m\libg_n.a(lib_a-memset.o)
 .ARM.attributes
                0x000004fa       0x2e c:/program files (x86)/embitz/1.11/share/em_armgcc/bin/../lib/gcc/arm-none-eabi/5.4.1/../../../../arm-none-eabi/lib/armv7e-m\libg_n.a(lib_a-nano-freer.o)
 .ARM.attributes
                0x00000528       0x2e c:/program files (x86)/embitz/1.11/share/em_armgcc/bin/../lib/gcc/arm-none-eabi/5.4.1/../../../../arm-none-eabi/lib/armv7e-m\libg_n.a(lib_a-nano-mallocr.o)
 .ARM.attributes
                0x00000556       0x2e c:/program files (x86)/embitz/1.11/share/em_armgcc/bin/../lib/gcc/arm-none-eabi/5.4.1/../../../../arm-none-eabi/lib/armv7e-m\libg_n.a(lib_a-printf.o)
 .ARM.attributes
                0x00000584       0x2e c:/program files (x86)/embitz/1.11/share/em_armgcc/bin/../lib/gcc/arm-none-eabi/5.4.1/../../../../arm-none-eabi/lib/armv7e-m\libg_n.a(lib_a-putchar.o)
 .ARM.attributes
                0x000005b2       0x2e c:/program files (x86)/embitz/1.11/share/em_armgcc/bin/../lib/gcc/arm-none-eabi/5.4.1/../../../../arm-none-eabi/lib/armv7e-m\libg_n.a(lib_a-puts.o)
 .ARM.attributes
                0x000005e0       0x2e c:/program files (x86)/embitz/1.11/share/em_armgcc/bin/../lib/gcc/arm-none-eabi/5.4.1/../../../../arm-none-eabi/lib/armv7e-m\libg_n.a(lib_a-sbrkr.o)
 .ARM.attributes
                0x0000060e       0x2e c:/program files (x86)/embitz/1.11/share/em_armgcc/bin/../lib/gcc/arm-none-eabi/5.4.1/../../../../arm-none-eabi/lib/armv7e-m\libg_n.a(lib_a-setbuf.o)
 .ARM.attributes
                0x0000063c       0x2e c:/program files (x86)/embitz/1.11/share/em_armgcc/bin/../lib/gcc/arm-none-eabi/5.4.1/../../../../arm-none-eabi/lib/armv7e-m\libg_n.a(lib_a-setvbuf.o)
 .ARM.attributes
                0x0000066a       0x2e c:/program files (x86)/embitz/1.11/share/em_armgcc/bin/../lib/gcc/arm-none-eabi/5.4.1/../../../../arm-none-eabi/lib/armv7e-m\libg_n.a(lib_a-wbuf.o)
 .ARM.attributes
                0x00000698       0x2e c:/program files (x86)/embitz/1.11/share/em_armgcc/bin/../lib/gcc/arm-none-eabi/5.4.1/../../../../arm-none-eabi/lib/armv7e-m\libg_n.a(lib_a-wsetup.o)
 .ARM.attributes
                0x000006c6       0x2e c:/program files (x86)/embitz/1.11/share/em_armgcc/bin/../lib/gcc/arm-none-eabi/5.4.1/../../../../arm-none-eabi/lib/armv7e-m\libg_n.a(lib_a-fflush.o)
 .ARM.attributes
                0x000006f4       0x2e c:/program files (x86)/embitz/1.11/share/em_armgcc/bin/../lib/gcc/arm-none-eabi/5.4.1/../../../../arm-none-eabi/lib/armv7e-m\libg_n.a(lib_a-findfp.o)
 .ARM.attributes
                0x00000722       0x2e c:/program files (x86)/embitz/1.11/share/em_armgcc/bin/../lib/gcc/arm-none-eabi/5.4.1/../../../../arm-none-eabi/lib/armv7e-m\libg_n.a(lib_a-fwalk.o)
 .ARM.attributes
                0x00000750       0x2e c:/program files (x86)/embitz/1.11/share/em_armgcc/bin/../lib/gcc/arm-none-eabi/5.4.1/../../../../arm-none-eabi/lib/armv7e-m\libg_n.a(lib_a-makebuf.o)
 .ARM.attributes
                0x0000077e       0x2e c:/program files (x86)/embitz/1.11/share/em_armgcc/bin/../lib/gcc/arm-none-eabi/5.4.1/../../../../arm-none-eabi/lib/armv7e-m\libg_n.a(lib_a-mlock.o)
 .ARM.attributes
                0x000007ac       0x2e c:/program files (x86)/embitz/1.11/share/em_armgcc/bin/../lib/gcc/arm-none-eabi/5.4.1/../../../../arm-none-eabi/lib/armv7e-m\libg_n.a(lib_a-nano-vfprintf.o)
 .ARM.attributes
                0x000007da       0x2e c:/program files (x86)/embitz/1.11/share/em_armgcc/bin/../lib/gcc/arm-none-eabi/5.4.1/../../../../arm-none-eabi/lib/armv7e-m\libg_n.a(lib_a-nano-vfprintf_i.o)
 .ARM.attributes
                0x00000808       0x2e c:/program files (x86)/embitz/1.11/share/em_armgcc/bin/../lib/gcc/arm-none-eabi/5.4.1/../../../../arm-none-eabi/lib/armv7e-m\libg_n.a(lib_a-putc.o)
 .ARM.attributes
                0x00000836       0x2e c:/program files (x86)/embitz/1.11/share/em_armgcc/bin/../lib/gcc/arm-none-eabi/5.4.1/../../../../arm-none-eabi/lib/armv7e-m\libg_n.a(lib_a-reent.o)
 .ARM.attributes
                0x00000864       0x2e c:/program files (x86)/embitz/1.11/share/em_armgcc/bin/../lib/gcc/arm-none-eabi/5.4.1/../../../../arm-none-eabi/lib/armv7e-m\libg_n.a(lib_a-stdio.o)
 .ARM.attributes
                0x00000892       0x2e c:/program files (x86)/embitz/1.11/share/em_armgcc/bin/../lib/gcc/arm-none-eabi/5.4.1/../../../../arm-none-eabi/lib/armv7e-m\libg_n.a(lib_a-closer.o)
 .ARM.attributes
                0x000008c0       0x2e c:/program files (x86)/embitz/1.11/share/em_armgcc/bin/../lib/gcc/arm-none-eabi/5.4.1/../../../../arm-none-eabi/lib/armv7e-m\libg_n.a(lib_a-fstatr.o)
 .ARM.attributes
                0x000008ee       0x2e c:/program files (x86)/embitz/1.11/share/em_armgcc/bin/../lib/gcc/arm-none-eabi/5.4.1/../../../../arm-none-eabi/lib/armv7e-m\libg_n.a(lib_a-isattyr.o)
 .ARM.attributes
                0x0000091c       0x2e c:/program files (x86)/embitz/1.11/share/em_armgcc/bin/../lib/gcc/arm-none-eabi/5.4.1/../../../../arm-none-eabi/lib/armv7e-m\libg_n.a(lib_a-lseekr.o)
 .ARM.attributes
                0x0000094a       0x1c c:/program files (x86)/embitz/1.11/share/em_armgcc/bin/../lib/gcc/arm-none-eabi/5.4.1/../../../../arm-none-eabi/lib/armv7e-m\libg_n.a(lib_a-memchr.o)
 .ARM.attributes
                0x00000966       0x2e c:/program files (x86)/embitz/1.11/share/em_armgcc/bin/../lib/gcc/arm-none-eabi/5.4.1/../../../../arm-none-eabi/lib/armv7e-m\libg_n.a(lib_a-readr.o)
 .ARM.attributes
                0x00000994       0x2e c:/program files (x86)/embitz/1.11/share/em_armgcc/bin/../lib/gcc/arm-none-eabi/5.4.1/../../../../arm-none-eabi/lib/armv7e-m\libnosys_s.a(close.o)
 .ARM.attributes
                0x000009c2       0x2e c:/program files (x86)/embitz/1.11/share/em_armgcc/bin/../lib/gcc/arm-none-eabi/5.4.1/../../../../arm-none-eabi/lib/armv7e-m\libnosys_s.a(fstat.o)
 .ARM.attributes
                0x000009f0       0x2e c:/program files (x86)/embitz/1.11/share/em_armgcc/bin/../lib/gcc/arm-none-eabi/5.4.1/../../../../arm-none-eabi/lib/armv7e-m\libnosys_s.a(isatty.o)
 .ARM.attributes
                0x00000a1e       0x2e c:/program files (x86)/embitz/1.11/share/em_armgcc/bin/../lib/gcc/arm-none-eabi/5.4.1/../../../../arm-none-eabi/lib/armv7e-m\libnosys_s.a(lseek.o)
 .ARM.attributes
                0x00000a4c       0x2e c:/program files (x86)/embitz/1.11/share/em_armgcc/bin/../lib/gcc/arm-none-eabi/5.4.1/../../../../arm-none-eabi/lib/armv7e-m\libnosys_s.a(read.o)
 .ARM.attributes
                0x00000a7a       0x2e c:/program files (x86)/embitz/1.11/share/em_armgcc/bin/../lib/gcc/arm-none-eabi/5.4.1/../../../../arm-none-eabi/lib/armv7e-m\libnosys_s.a(sbrk.o)
 .ARM.attributes
                0x00000aa8       0x2e c:/program files (x86)/embitz/1.11/share/em_armgcc/bin/../lib/gcc/arm-none-eabi/5.4.1/../../../../arm-none-eabi/lib/armv7e-m\libnosys_s.a(_exit.o)
 .ARM.attributes
                0x00000ad6       0x2e c:/program files (x86)/embitz/1.11/share/em_armgcc/bin/../lib/gcc/arm-none-eabi/5.4.1/armv7e-m/crtend.o
 .ARM.attributes
                0x00000b04       0x1e c:/program files (x86)/embitz/1.11/share/em_armgcc/bin/../lib/gcc/arm-none-eabi/5.4.1/armv7e-m/crtn.o

.comment        0x00000000       0x6e
 .comment       0x00000000       0x6e obj\debug\spl\src\stm32f30x_rcc.o
                                 0x6f (size before relaxing)
 .comment       0x0000006e       0x6f obj\debug\spl\src\stm32f30x_usart.o
 .comment       0x0000006e       0x6f obj\debug\src\30010_io.o
 .comment       0x0000006e       0x6f obj\debug\src\collider.o
 .comment       0x0000006e       0x6f obj\debug\src\controlsystem.o
 .comment       0x0000006e       0x6f obj\debug\src\drawing.o
 .comment       0x0000006e       0x6f obj\debug\src\drawobjects.o
 .comment       0x0000006e       0x6f obj\debug\src\enemycontroller.o
 .comment       0x0000006e       0x6f obj\debug\src\main.o
 .comment       0x0000006e       0x6f obj\debug\src\mainmenu.o
 .comment       0x0000006e       0x6f obj\debug\src\managelevels.o
 .comment       0x0000006e       0x6f obj\debug\src\mappack.o
 .comment       0x0000006e       0x6f obj\debug\src\menucontrols.o
 .comment       0x0000006e       0x6f obj\debug\src\ships.o
 .comment       0x0000006e       0x6f obj\debug\src\system_stm32f30x.o
 .comment       0x0000006e       0x6f obj\debug\src\timer.o
 .comment       0x0000006e       0x6f obj\debug\src\update.o

.debug_info     0x00000000     0x68c3
 .debug_info    0x00000000      0xad4 obj\debug\spl\src\stm32f30x_rcc.o
 .debug_info    0x00000ad4      0xecc obj\debug\spl\src\stm32f30x_usart.o
 .debug_info    0x000019a0     0x12ea obj\debug\src\30010_io.o
 .debug_info    0x00002c8a      0x522 obj\debug\src\collider.o
 .debug_info    0x000031ac      0x29b obj\debug\src\controlsystem.o
 .debug_info    0x00003447      0x253 obj\debug\src\drawing.o
 .debug_info    0x0000369a      0x45c obj\debug\src\drawobjects.o
 .debug_info    0x00003af6      0x1de obj\debug\src\enemycontroller.o
 .debug_info    0x00003cd4      0x256 obj\debug\src\main.o
 .debug_info    0x00003f2a      0xc4c obj\debug\src\mainmenu.o
 .debug_info    0x00004b76      0x33a obj\debug\src\managelevels.o
 .debug_info    0x00004eb0      0x1bb obj\debug\src\mappack.o
 .debug_info    0x0000506b      0x1bf obj\debug\src\menucontrols.o
 .debug_info    0x0000522a      0x302 obj\debug\src\ships.o
 .debug_info    0x0000552c       0x73 obj\debug\src\startup_stm32f30x.o
 .debug_info    0x0000559f      0x470 obj\debug\src\system_stm32f30x.o
 .debug_info    0x00005a0f      0x947 obj\debug\src\timer.o
 .debug_info    0x00006356      0x56d obj\debug\src\update.o

.debug_abbrev   0x00000000     0x1520
 .debug_abbrev  0x00000000      0x1ea obj\debug\spl\src\stm32f30x_rcc.o
 .debug_abbrev  0x000001ea      0x15c obj\debug\spl\src\stm32f30x_usart.o
 .debug_abbrev  0x00000346      0x33a obj\debug\src\30010_io.o
 .debug_abbrev  0x00000680      0x11c obj\debug\src\collider.o
 .debug_abbrev  0x0000079c      0x102 obj\debug\src\controlsystem.o
 .debug_abbrev  0x0000089e       0xff obj\debug\src\drawing.o
 .debug_abbrev  0x0000099d       0xed obj\debug\src\drawobjects.o
 .debug_abbrev  0x00000a8a       0xc3 obj\debug\src\enemycontroller.o
 .debug_abbrev  0x00000b4d       0xcd obj\debug\src\main.o
 .debug_abbrev  0x00000c1a      0x1bc obj\debug\src\mainmenu.o
 .debug_abbrev  0x00000dd6       0xb4 obj\debug\src\managelevels.o
 .debug_abbrev  0x00000e8a       0xd1 obj\debug\src\mappack.o
 .debug_abbrev  0x00000f5b       0xd3 obj\debug\src\menucontrols.o
 .debug_abbrev  0x0000102e       0xd5 obj\debug\src\ships.o
 .debug_abbrev  0x00001103       0x14 obj\debug\src\startup_stm32f30x.o
 .debug_abbrev  0x00001117      0x11a obj\debug\src\system_stm32f30x.o
 .debug_abbrev  0x00001231      0x1b0 obj\debug\src\timer.o
 .debug_abbrev  0x000013e1      0x13f obj\debug\src\update.o

.debug_aranges  0x00000000      0x6b8
 .debug_aranges
                0x00000000      0x150 obj\debug\spl\src\stm32f30x_rcc.o
 .debug_aranges
                0x00000150      0x1a0 obj\debug\spl\src\stm32f30x_usart.o
 .debug_aranges
                0x000002f0       0x78 obj\debug\src\30010_io.o
 .debug_aranges
                0x00000368       0x38 obj\debug\src\collider.o
 .debug_aranges
                0x000003a0       0x28 obj\debug\src\controlsystem.o
 .debug_aranges
                0x000003c8       0x38 obj\debug\src\drawing.o
 .debug_aranges
                0x00000400       0x28 obj\debug\src\drawobjects.o
 .debug_aranges
                0x00000428       0x20 obj\debug\src\enemycontroller.o
 .debug_aranges
                0x00000448       0x20 obj\debug\src\main.o
 .debug_aranges
                0x00000468      0x110 obj\debug\src\mainmenu.o
 .debug_aranges
                0x00000578       0x20 obj\debug\src\managelevels.o
 .debug_aranges
                0x00000598       0x20 obj\debug\src\mappack.o
 .debug_aranges
                0x000005b8       0x20 obj\debug\src\menucontrols.o
 .debug_aranges
                0x000005d8       0x20 obj\debug\src\ships.o
 .debug_aranges
                0x000005f8       0x20 obj\debug\src\startup_stm32f30x.o
 .debug_aranges
                0x00000618       0x30 obj\debug\src\system_stm32f30x.o
 .debug_aranges
                0x00000648       0x40 obj\debug\src\timer.o
 .debug_aranges
                0x00000688       0x30 obj\debug\src\update.o

.debug_ranges   0x00000000      0x588
 .debug_ranges  0x00000000      0x140 obj\debug\spl\src\stm32f30x_rcc.o
 .debug_ranges  0x00000140      0x190 obj\debug\spl\src\stm32f30x_usart.o
 .debug_ranges  0x000002d0       0x68 obj\debug\src\30010_io.o
 .debug_ranges  0x00000338       0x28 obj\debug\src\collider.o
 .debug_ranges  0x00000360       0x18 obj\debug\src\controlsystem.o
 .debug_ranges  0x00000378       0x28 obj\debug\src\drawing.o
 .debug_ranges  0x000003a0       0x18 obj\debug\src\drawobjects.o
 .debug_ranges  0x000003b8       0x10 obj\debug\src\enemycontroller.o
 .debug_ranges  0x000003c8       0x10 obj\debug\src\main.o
 .debug_ranges  0x000003d8      0x100 obj\debug\src\mainmenu.o
 .debug_ranges  0x000004d8       0x10 obj\debug\src\managelevels.o
 .debug_ranges  0x000004e8       0x10 obj\debug\src\mappack.o
 .debug_ranges  0x000004f8       0x10 obj\debug\src\menucontrols.o
 .debug_ranges  0x00000508       0x10 obj\debug\src\ships.o
 .debug_ranges  0x00000518       0x20 obj\debug\src\system_stm32f30x.o
 .debug_ranges  0x00000538       0x30 obj\debug\src\timer.o
 .debug_ranges  0x00000568       0x20 obj\debug\src\update.o

.debug_macro    0x00000000     0x3ea0
 .debug_macro   0x00000000      0x238 obj\debug\spl\src\stm32f30x_rcc.o
 .debug_macro   0x00000238      0x5c0 obj\debug\spl\src\stm32f30x_rcc.o
 .debug_macro   0x000007f8      0x1b3 obj\debug\spl\src\stm32f30x_usart.o
 .debug_macro   0x000009ab      0x35e obj\debug\spl\src\stm32f30x_usart.o
 .debug_macro   0x00000d09      0x2de obj\debug\src\30010_io.o
 .debug_macro   0x00000fe7       0x52 obj\debug\src\30010_io.o
 .debug_macro   0x00001039       0x35 obj\debug\src\30010_io.o
 .debug_macro   0x0000106e       0x9c obj\debug\src\30010_io.o
 .debug_macro   0x0000110a       0x16 obj\debug\src\30010_io.o
 .debug_macro   0x00001120       0x97 obj\debug\src\30010_io.o
 .debug_macro   0x000011b7      0x30d obj\debug\src\30010_io.o
 .debug_macro   0x000014c4       0xfd obj\debug\src\30010_io.o
 .debug_macro   0x000015c1       0x10 obj\debug\src\30010_io.o
 .debug_macro   0x000015d1       0x52 obj\debug\src\30010_io.o
 .debug_macro   0x00001623       0x1f obj\debug\src\30010_io.o
 .debug_macro   0x00001642       0x43 obj\debug\src\30010_io.o
 .debug_macro   0x00001685       0x20 obj\debug\src\30010_io.o
 .debug_macro   0x000016a5      0x187 obj\debug\src\30010_io.o
 .debug_macro   0x0000182c       0x10 obj\debug\src\30010_io.o
 .debug_macro   0x0000183c       0x1c obj\debug\src\30010_io.o
 .debug_macro   0x00001858       0x52 obj\debug\src\30010_io.o
 .debug_macro   0x000018aa       0x40 obj\debug\src\30010_io.o
 .debug_macro   0x000018ea       0x10 obj\debug\src\30010_io.o
 .debug_macro   0x000018fa       0x40 obj\debug\src\30010_io.o
 .debug_macro   0x0000193a       0xd7 obj\debug\src\30010_io.o
 .debug_macro   0x00001a11       0x16 obj\debug\src\30010_io.o
 .debug_macro   0x00001a27      0x189 obj\debug\src\30010_io.o
 .debug_macro   0x00001bb0      0x1f6 obj\debug\src\collider.o
 .debug_macro   0x00001da6       0x16 obj\debug\src\collider.o
 .debug_macro   0x00001dbc       0x35 obj\debug\src\collider.o
 .debug_macro   0x00001df1       0x16 obj\debug\src\collider.o
 .debug_macro   0x00001e07       0x29 obj\debug\src\collider.o
 .debug_macro   0x00001e30      0x206 obj\debug\src\controlsystem.o
 .debug_macro   0x00002036      0x1f6 obj\debug\src\drawing.o
 .debug_macro   0x0000222c      0x1fa obj\debug\src\drawobjects.o
 .debug_macro   0x00002426      0x200 obj\debug\src\enemycontroller.o
 .debug_macro   0x00002626      0x38a obj\debug\src\main.o
 .debug_macro   0x000029b0      0x380 obj\debug\src\mainmenu.o
 .debug_macro   0x00002d30       0x10 obj\debug\src\mainmenu.o
 .debug_macro   0x00002d40      0x204 obj\debug\src\managelevels.o
 .debug_macro   0x00002f44      0x1fa obj\debug\src\mappack.o
 .debug_macro   0x0000313e      0x218 obj\debug\src\menucontrols.o
 .debug_macro   0x00003356      0x1fe obj\debug\src\ships.o
 .debug_macro   0x00003554       0x4c obj\debug\src\ships.o
 .debug_macro   0x000035a0       0x8d obj\debug\src\ships.o
 .debug_macro   0x0000362d       0x4a obj\debug\src\ships.o
 .debug_macro   0x00003677      0x197 obj\debug\src\system_stm32f30x.o
 .debug_macro   0x0000380e      0x324 obj\debug\src\timer.o
 .debug_macro   0x00003b32      0x36e obj\debug\src\update.o

.debug_line     0x00000000     0x5de8
 .debug_line    0x00000000      0x7e5 obj\debug\spl\src\stm32f30x_rcc.o
 .debug_line    0x000007e5      0x86c obj\debug\spl\src\stm32f30x_usart.o
 .debug_line    0x00001051      0x733 obj\debug\src\30010_io.o
 .debug_line    0x00001784      0x4c6 obj\debug\src\collider.o
 .debug_line    0x00001c4a      0x3ae obj\debug\src\controlsystem.o
 .debug_line    0x00001ff8      0x3c9 obj\debug\src\drawing.o
 .debug_line    0x000023c1      0x41f obj\debug\src\drawobjects.o
 .debug_line    0x000027e0      0x3a4 obj\debug\src\enemycontroller.o
 .debug_line    0x00002b84      0x61d obj\debug\src\main.o
 .debug_line    0x000031a1      0xb23 obj\debug\src\mainmenu.o
 .debug_line    0x00003cc4      0x38e obj\debug\src\managelevels.o
 .debug_line    0x00004052      0x373 obj\debug\src\mappack.o
 .debug_line    0x000043c5      0x43e obj\debug\src\menucontrols.o
 .debug_line    0x00004803      0x3cf obj\debug\src\ships.o
 .debug_line    0x00004bd2       0xbb obj\debug\src\startup_stm32f30x.o
 .debug_line    0x00004c8d      0x493 obj\debug\src\system_stm32f30x.o
 .debug_line    0x00005120      0x5e4 obj\debug\src\timer.o
 .debug_line    0x00005704      0x6e4 obj\debug\src\update.o

.debug_str      0x00000000    0x58320
 .debug_str     0x00000000    0x52c0c obj\debug\spl\src\stm32f30x_rcc.o
                              0x52dc8 (size before relaxing)
 .debug_str     0x00052c0c      0x81e obj\debug\spl\src\stm32f30x_usart.o
                              0x52c9c (size before relaxing)
 .debug_str     0x0005342a     0x443e obj\debug\src\30010_io.o
                              0x56a01 (size before relaxing)
 .debug_str     0x00057868      0x2af obj\debug\src\collider.o
                               0x71ef (size before relaxing)
 .debug_str     0x00057b17       0xa5 obj\debug\src\controlsystem.o
                               0x7144 (size before relaxing)
 .debug_str     0x00057bbc       0x61 obj\debug\src\drawing.o
                               0x70e0 (size before relaxing)
 .debug_str     0x00057c1d       0x74 obj\debug\src\drawobjects.o
                               0x715c (size before relaxing)
 .debug_str     0x00057c91       0x58 obj\debug\src\enemycontroller.o
                               0x70eb (size before relaxing)
 .debug_str     0x00057ce9       0xe9 obj\debug\src\main.o
                              0x560af (size before relaxing)
 .debug_str     0x00057dd2      0x274 obj\debug\src\mainmenu.o
                              0x56342 (size before relaxing)
 .debug_str     0x00058046       0x50 obj\debug\src\managelevels.o
                               0x7151 (size before relaxing)
 .debug_str     0x00058096       0x1c obj\debug\src\mappack.o
                               0x7095 (size before relaxing)
 .debug_str     0x000580b2       0x2c obj\debug\src\menucontrols.o
                               0x70f8 (size before relaxing)
 .debug_str     0x000580de       0x1c obj\debug\src\ships.o
                               0x7108 (size before relaxing)
 .debug_str     0x000580fa       0xe0 obj\debug\src\system_stm32f30x.o
                              0x5245a (size before relaxing)
 .debug_str     0x000581da       0xd8 obj\debug\src\timer.o
                              0x565e5 (size before relaxing)
 .debug_str     0x000582b2       0x6e obj\debug\src\update.o
                              0x561b4 (size before relaxing)

.debug_frame    0x00000000     0x222c
 .debug_frame   0x00000000      0x60c obj\debug\spl\src\stm32f30x_rcc.o
 .debug_frame   0x0000060c      0x7b0 obj\debug\spl\src\stm32f30x_usart.o
 .debug_frame   0x00000dbc      0x1b4 obj\debug\src\30010_io.o
 .debug_frame   0x00000f70       0xb4 obj\debug\src\collider.o
 .debug_frame   0x00001024       0x60 obj\debug\src\controlsystem.o
 .debug_frame   0x00001084       0xa4 obj\debug\src\drawing.o
 .debug_frame   0x00001128       0x64 obj\debug\src\drawobjects.o
 .debug_frame   0x0000118c       0x3c obj\debug\src\enemycontroller.o
 .debug_frame   0x000011c8       0x30 obj\debug\src\main.o
 .debug_frame   0x000011f8      0x424 obj\debug\src\mainmenu.o
 .debug_frame   0x0000161c       0x34 obj\debug\src\managelevels.o
 .debug_frame   0x00001650       0x40 obj\debug\src\mappack.o
 .debug_frame   0x00001690       0x38 obj\debug\src\menucontrols.o
 .debug_frame   0x000016c8       0x38 obj\debug\src\ships.o
 .debug_frame   0x00001700       0x74 obj\debug\src\system_stm32f30x.o
 .debug_frame   0x00001774       0xc0 obj\debug\src\timer.o
 .debug_frame   0x00001834       0x80 obj\debug\src\update.o
 .debug_frame   0x000018b4       0x28 c:/program files (x86)/embitz/1.11/share/em_armgcc/bin/../lib/gcc/arm-none-eabi/5.4.1/../../../../arm-none-eabi/lib/armv7e-m\libg_n.a(lib_a-exit.o)
 .debug_frame   0x000018dc       0x2c c:/program files (x86)/embitz/1.11/share/em_armgcc/bin/../lib/gcc/arm-none-eabi/5.4.1/../../../../arm-none-eabi/lib/armv7e-m\libg_n.a(lib_a-init.o)
 .debug_frame   0x00001908       0x30 c:/program files (x86)/embitz/1.11/share/em_armgcc/bin/../lib/gcc/arm-none-eabi/5.4.1/../../../../arm-none-eabi/lib/armv7e-m\libg_n.a(lib_a-malloc.o)
 .debug_frame   0x00001938       0x28 c:/program files (x86)/embitz/1.11/share/em_armgcc/bin/../lib/gcc/arm-none-eabi/5.4.1/../../../../arm-none-eabi/lib/armv7e-m\libg_n.a(lib_a-memcpy-stub.o)
 .debug_frame   0x00001960       0x20 c:/program files (x86)/embitz/1.11/share/em_armgcc/bin/../lib/gcc/arm-none-eabi/5.4.1/../../../../arm-none-eabi/lib/armv7e-m\libg_n.a(lib_a-memset.o)
 .debug_frame   0x00001980       0x38 c:/program files (x86)/embitz/1.11/share/em_armgcc/bin/../lib/gcc/arm-none-eabi/5.4.1/../../../../arm-none-eabi/lib/armv7e-m\libg_n.a(lib_a-nano-freer.o)
 .debug_frame   0x000019b8       0x2c c:/program files (x86)/embitz/1.11/share/em_armgcc/bin/../lib/gcc/arm-none-eabi/5.4.1/../../../../arm-none-eabi/lib/armv7e-m\libg_n.a(lib_a-nano-mallocr.o)
 .debug_frame   0x000019e4       0x74 c:/program files (x86)/embitz/1.11/share/em_armgcc/bin/../lib/gcc/arm-none-eabi/5.4.1/../../../../arm-none-eabi/lib/armv7e-m\libg_n.a(lib_a-printf.o)
 .debug_frame   0x00001a58       0x58 c:/program files (x86)/embitz/1.11/share/em_armgcc/bin/../lib/gcc/arm-none-eabi/5.4.1/../../../../arm-none-eabi/lib/armv7e-m\libg_n.a(lib_a-putchar.o)
 .debug_frame   0x00001ab0       0x3c c:/program files (x86)/embitz/1.11/share/em_armgcc/bin/../lib/gcc/arm-none-eabi/5.4.1/../../../../arm-none-eabi/lib/armv7e-m\libg_n.a(lib_a-puts.o)
 .debug_frame   0x00001aec       0x2c c:/program files (x86)/embitz/1.11/share/em_armgcc/bin/../lib/gcc/arm-none-eabi/5.4.1/../../../../arm-none-eabi/lib/armv7e-m\libg_n.a(lib_a-sbrkr.o)
 .debug_frame   0x00001b18       0x20 c:/program files (x86)/embitz/1.11/share/em_armgcc/bin/../lib/gcc/arm-none-eabi/5.4.1/../../../../arm-none-eabi/lib/armv7e-m\libg_n.a(lib_a-setbuf.o)
 .debug_frame   0x00001b38       0x38 c:/program files (x86)/embitz/1.11/share/em_armgcc/bin/../lib/gcc/arm-none-eabi/5.4.1/../../../../arm-none-eabi/lib/armv7e-m\libg_n.a(lib_a-setvbuf.o)
 .debug_frame   0x00001b70       0x40 c:/program files (x86)/embitz/1.11/share/em_armgcc/bin/../lib/gcc/arm-none-eabi/5.4.1/../../../../arm-none-eabi/lib/armv7e-m\libg_n.a(lib_a-wbuf.o)
 .debug_frame   0x00001bb0       0x2c c:/program files (x86)/embitz/1.11/share/em_armgcc/bin/../lib/gcc/arm-none-eabi/5.4.1/../../../../arm-none-eabi/lib/armv7e-m\libg_n.a(lib_a-wsetup.o)
 .debug_frame   0x00001bdc       0x68 c:/program files (x86)/embitz/1.11/share/em_armgcc/bin/../lib/gcc/arm-none-eabi/5.4.1/../../../../arm-none-eabi/lib/armv7e-m\libg_n.a(lib_a-fflush.o)
 .debug_frame   0x00001c44      0x11c c:/program files (x86)/embitz/1.11/share/em_armgcc/bin/../lib/gcc/arm-none-eabi/5.4.1/../../../../arm-none-eabi/lib/armv7e-m\libg_n.a(lib_a-findfp.o)
 .debug_frame   0x00001d60       0x54 c:/program files (x86)/embitz/1.11/share/em_armgcc/bin/../lib/gcc/arm-none-eabi/5.4.1/../../../../arm-none-eabi/lib/armv7e-m\libg_n.a(lib_a-fwalk.o)
 .debug_frame   0x00001db4       0x54 c:/program files (x86)/embitz/1.11/share/em_armgcc/bin/../lib/gcc/arm-none-eabi/5.4.1/../../../../arm-none-eabi/lib/armv7e-m\libg_n.a(lib_a-makebuf.o)
 .debug_frame   0x00001e08       0x30 c:/program files (x86)/embitz/1.11/share/em_armgcc/bin/../lib/gcc/arm-none-eabi/5.4.1/../../../../arm-none-eabi/lib/armv7e-m\libg_n.a(lib_a-mlock.o)
 .debug_frame   0x00001e38       0xac c:/program files (x86)/embitz/1.11/share/em_armgcc/bin/../lib/gcc/arm-none-eabi/5.4.1/../../../../arm-none-eabi/lib/armv7e-m\libg_n.a(lib_a-nano-vfprintf.o)
 .debug_frame   0x00001ee4       0x60 c:/program files (x86)/embitz/1.11/share/em_armgcc/bin/../lib/gcc/arm-none-eabi/5.4.1/../../../../arm-none-eabi/lib/armv7e-m\libg_n.a(lib_a-nano-vfprintf_i.o)
 .debug_frame   0x00001f44       0x48 c:/program files (x86)/embitz/1.11/share/em_armgcc/bin/../lib/gcc/arm-none-eabi/5.4.1/../../../../arm-none-eabi/lib/armv7e-m\libg_n.a(lib_a-putc.o)
 .debug_frame   0x00001f8c       0x5c c:/program files (x86)/embitz/1.11/share/em_armgcc/bin/../lib/gcc/arm-none-eabi/5.4.1/../../../../arm-none-eabi/lib/armv7e-m\libg_n.a(lib_a-reent.o)
 .debug_frame   0x00001fe8       0x88 c:/program files (x86)/embitz/1.11/share/em_armgcc/bin/../lib/gcc/arm-none-eabi/5.4.1/../../../../arm-none-eabi/lib/armv7e-m\libg_n.a(lib_a-stdio.o)
 .debug_frame   0x00002070       0x2c c:/program files (x86)/embitz/1.11/share/em_armgcc/bin/../lib/gcc/arm-none-eabi/5.4.1/../../../../arm-none-eabi/lib/armv7e-m\libg_n.a(lib_a-closer.o)
 .debug_frame   0x0000209c       0x2c c:/program files (x86)/embitz/1.11/share/em_armgcc/bin/../lib/gcc/arm-none-eabi/5.4.1/../../../../arm-none-eabi/lib/armv7e-m\libg_n.a(lib_a-fstatr.o)
 .debug_frame   0x000020c8       0x2c c:/program files (x86)/embitz/1.11/share/em_armgcc/bin/../lib/gcc/arm-none-eabi/5.4.1/../../../../arm-none-eabi/lib/armv7e-m\libg_n.a(lib_a-isattyr.o)
 .debug_frame   0x000020f4       0x2c c:/program files (x86)/embitz/1.11/share/em_armgcc/bin/../lib/gcc/arm-none-eabi/5.4.1/../../../../arm-none-eabi/lib/armv7e-m\libg_n.a(lib_a-lseekr.o)
 .debug_frame   0x00002120       0x2c c:/program files (x86)/embitz/1.11/share/em_armgcc/bin/../lib/gcc/arm-none-eabi/5.4.1/../../../../arm-none-eabi/lib/armv7e-m\libg_n.a(lib_a-readr.o)
 .debug_frame   0x0000214c       0x20 c:/program files (x86)/embitz/1.11/share/em_armgcc/bin/../lib/gcc/arm-none-eabi/5.4.1/../../../../arm-none-eabi/lib/armv7e-m\libnosys_s.a(close.o)
 .debug_frame   0x0000216c       0x20 c:/program files (x86)/embitz/1.11/share/em_armgcc/bin/../lib/gcc/arm-none-eabi/5.4.1/../../../../arm-none-eabi/lib/armv7e-m\libnosys_s.a(fstat.o)
 .debug_frame   0x0000218c       0x20 c:/program files (x86)/embitz/1.11/share/em_armgcc/bin/../lib/gcc/arm-none-eabi/5.4.1/../../../../arm-none-eabi/lib/armv7e-m\libnosys_s.a(isatty.o)
 .debug_frame   0x000021ac       0x20 c:/program files (x86)/embitz/1.11/share/em_armgcc/bin/../lib/gcc/arm-none-eabi/5.4.1/../../../../arm-none-eabi/lib/armv7e-m\libnosys_s.a(lseek.o)
 .debug_frame   0x000021cc       0x20 c:/program files (x86)/embitz/1.11/share/em_armgcc/bin/../lib/gcc/arm-none-eabi/5.4.1/../../../../arm-none-eabi/lib/armv7e-m\libnosys_s.a(read.o)
 .debug_frame   0x000021ec       0x20 c:/program files (x86)/embitz/1.11/share/em_armgcc/bin/../lib/gcc/arm-none-eabi/5.4.1/../../../../arm-none-eabi/lib/armv7e-m\libnosys_s.a(sbrk.o)
 .debug_frame   0x0000220c       0x20 c:/program files (x86)/embitz/1.11/share/em_armgcc/bin/../lib/gcc/arm-none-eabi/5.4.1/../../../../arm-none-eabi/lib/armv7e-m\libnosys_s.a(_exit.o)

.stab           0x00000000       0x84
 .stab          0x00000000       0x24 c:/program files (x86)/embitz/1.11/share/em_armgcc/bin/../lib/gcc/arm-none-eabi/5.4.1/../../../../arm-none-eabi/lib/armv7e-m\libnosys_s.a(close.o)
 .stab          0x00000024       0x18 c:/program files (x86)/embitz/1.11/share/em_armgcc/bin/../lib/gcc/arm-none-eabi/5.4.1/../../../../arm-none-eabi/lib/armv7e-m\libnosys_s.a(fstat.o)
                                 0x24 (size before relaxing)
 .stab          0x0000003c       0x18 c:/program files (x86)/embitz/1.11/share/em_armgcc/bin/../lib/gcc/arm-none-eabi/5.4.1/../../../../arm-none-eabi/lib/armv7e-m\libnosys_s.a(isatty.o)
                                 0x24 (size before relaxing)
 .stab          0x00000054       0x18 c:/program files (x86)/embitz/1.11/share/em_armgcc/bin/../lib/gcc/arm-none-eabi/5.4.1/../../../../arm-none-eabi/lib/armv7e-m\libnosys_s.a(lseek.o)
                                 0x24 (size before relaxing)
 .stab          0x0000006c       0x18 c:/program files (x86)/embitz/1.11/share/em_armgcc/bin/../lib/gcc/arm-none-eabi/5.4.1/../../../../arm-none-eabi/lib/armv7e-m\libnosys_s.a(read.o)
                                 0x24 (size before relaxing)

.stabstr        0x00000000      0x117
 .stabstr       0x00000000      0x117 c:/program files (x86)/embitz/1.11/share/em_armgcc/bin/../lib/gcc/arm-none-eabi/5.4.1/../../../../arm-none-eabi/lib/armv7e-m\libnosys_s.a(close.o)
